Archive member included to satisfy reference by file (symbol)

/home/burin/SimplicityStudio/v4_workspace/CLS_2/protocol/bluetooth/lib/EFR32BG1B/GCC/libbluetooth.a(bgapi.c.obj)
                              ./main.o (gecko_cmd_msg_buf)
/home/burin/SimplicityStudio/v4_workspace/CLS_2/protocol/bluetooth/lib/EFR32BG1B/GCC/libbluetooth.a(bgapi_gap.c.obj)
                              ./main.o (sli_bt_cmd_le_gap_set_advertise_timing)
/home/burin/SimplicityStudio/v4_workspace/CLS_2/protocol/bluetooth/lib/EFR32BG1B/GCC/libbluetooth.a(bgapi_gatt.c.obj)
                              /home/burin/SimplicityStudio/v4_workspace/CLS_2/protocol/bluetooth/lib/EFR32BG1B/GCC/libbluetooth.a(bgapi.c.obj) (bgapi_gatt_listener)
/home/burin/SimplicityStudio/v4_workspace/CLS_2/protocol/bluetooth/lib/EFR32BG1B/GCC/libbluetooth.a(bgapi_gatt_lib.c.obj)
                              ./main.o (sli_bt_cmd_gatt_server_send_user_write_response)
/home/burin/SimplicityStudio/v4_workspace/CLS_2/protocol/bluetooth/lib/EFR32BG1B/GCC/libbluetooth.a(bgapi_le_connection.c.obj)
                              ./main.o (sli_bt_cmd_le_connection_close)
/home/burin/SimplicityStudio/v4_workspace/CLS_2/protocol/bluetooth/lib/EFR32BG1B/GCC/libbluetooth.a(bgapi_system.c.obj)
                              ./main.o (sli_bt_cmd_system_reset)
/home/burin/SimplicityStudio/v4_workspace/CLS_2/protocol/bluetooth/lib/EFR32BG1B/GCC/libbluetooth.a(bgbuf.c.obj)
                              /home/burin/SimplicityStudio/v4_workspace/CLS_2/protocol/bluetooth/lib/EFR32BG1B/GCC/libbluetooth.a(bgapi.c.obj) (bgbuf_chain_free)
/home/burin/SimplicityStudio/v4_workspace/CLS_2/protocol/bluetooth/lib/EFR32BG1B/GCC/libbluetooth.a(bglib.c.obj)
                              ./main.o (gecko_stack_init)
/home/burin/SimplicityStudio/v4_workspace/CLS_2/protocol/bluetooth/lib/EFR32BG1B/GCC/libbluetooth.a(btl_interface.c.obj)
                              /home/burin/SimplicityStudio/v4_workspace/CLS_2/protocol/bluetooth/lib/EFR32BG1B/GCC/libbluetooth.a(bgapi.c.obj) (bootloader_getInfo)
/home/burin/SimplicityStudio/v4_workspace/CLS_2/protocol/bluetooth/lib/EFR32BG1B/GCC/libbluetooth.a(efr32xg1x.c.obj)
                              /home/burin/SimplicityStudio/v4_workspace/CLS_2/protocol/bluetooth/lib/EFR32BG1B/GCC/libbluetooth.a(bglib.c.obj) (bg_hal_get_current_ctune)
/home/burin/SimplicityStudio/v4_workspace/CLS_2/protocol/bluetooth/lib/EFR32BG1B/GCC/libbluetooth.a(gap.c.obj)
                              /home/burin/SimplicityStudio/v4_workspace/CLS_2/protocol/bluetooth/lib/EFR32BG1B/GCC/libbluetooth.a(bglib.c.obj) (gap_reset_state)
/home/burin/SimplicityStudio/v4_workspace/CLS_2/protocol/bluetooth/lib/EFR32BG1B/GCC/libbluetooth.a(gap_adv.c.obj)
                              /home/burin/SimplicityStudio/v4_workspace/CLS_2/protocol/bluetooth/lib/EFR32BG1B/GCC/libbluetooth.a(gap.c.obj) (gap_set_advertising_timeout)
/home/burin/SimplicityStudio/v4_workspace/CLS_2/protocol/bluetooth/lib/EFR32BG1B/GCC/libbluetooth.a(gap_deprecated.c.obj)
                              /home/burin/SimplicityStudio/v4_workspace/CLS_2/protocol/bluetooth/lib/EFR32BG1B/GCC/libbluetooth.a(bgapi_gap.c.obj) (ubt_gap_set_adv_parameters)
/home/burin/SimplicityStudio/v4_workspace/CLS_2/protocol/bluetooth/lib/EFR32BG1B/GCC/libbluetooth.a(gap_resolver.c.obj)
                              /home/burin/SimplicityStudio/v4_workspace/CLS_2/protocol/bluetooth/lib/EFR32BG1B/GCC/libbluetooth.a(gap.c.obj) (gap_address_resolver_step)
/home/burin/SimplicityStudio/v4_workspace/CLS_2/protocol/bluetooth/lib/EFR32BG1B/GCC/libbluetooth.a(gap_scan.c.obj)
                              /home/burin/SimplicityStudio/v4_workspace/CLS_2/protocol/bluetooth/lib/EFR32BG1B/GCC/libbluetooth.a(gap.c.obj) (gap_status_set_scan_packet)
/home/burin/SimplicityStudio/v4_workspace/CLS_2/protocol/bluetooth/lib/EFR32BG1B/GCC/libbluetooth.a(gatt.c.obj)
                              /home/burin/SimplicityStudio/v4_workspace/CLS_2/protocol/bluetooth/lib/EFR32BG1B/GCC/libbluetooth.a(gap.c.obj) (gatt_init_connection)
/home/burin/SimplicityStudio/v4_workspace/CLS_2/protocol/bluetooth/lib/EFR32BG1B/GCC/libbluetooth.a(gatt_client.c.obj)
                              /home/burin/SimplicityStudio/v4_workspace/CLS_2/protocol/bluetooth/lib/EFR32BG1B/GCC/libbluetooth.a(bgapi_gatt_lib.c.obj) (gatt_client_init)
/home/burin/SimplicityStudio/v4_workspace/CLS_2/protocol/bluetooth/lib/EFR32BG1B/GCC/libbluetooth.a(gatt_db_minimal.c.obj)
                              /home/burin/SimplicityStudio/v4_workspace/CLS_2/protocol/bluetooth/lib/EFR32BG1B/GCC/libbluetooth.a(gap_adv.c.obj) (gatt_db_handle_active)
/home/burin/SimplicityStudio/v4_workspace/CLS_2/protocol/bluetooth/lib/EFR32BG1B/GCC/libbluetooth.a(gatt_server.c.obj)
                              /home/burin/SimplicityStudio/v4_workspace/CLS_2/protocol/bluetooth/lib/EFR32BG1B/GCC/libbluetooth.a(gatt_db_minimal.c.obj) (gatt_server_send_attribute_value_event)
[...]
Memory Configuration

Name             Origin             Length             Attributes
FLASH_BOOTLOADER 0x0000000000000000 0x0000000000004000 xr
FLASH            0x0000000000004000 0x000000000003b000 xr
RAM              0x0000000020000000 0x0000000000007c00 xrw
*default*        0x0000000000000000 0xffffffffffffffff

Linker script and memory map

LOAD /home/burin/SimplicityStudio_v4/developer/toolchains/gnu_arm/7.2_2017q4/bin/../lib/gcc/arm-none-eabi/7.2.1/thumb/v7e-m/fpv4-sp/softfp/crti.o
LOAD /home/burin/SimplicityStudio_v4/developer/toolchains/gnu_arm/7.2_2017q4/bin/../lib/gcc/arm-none-eabi/7.2.1/thumb/v7e-m/fpv4-sp/softfp/crtbegin.o
LOAD /home/burin/SimplicityStudio_v4/developer/toolchains/gnu_arm/7.2_2017q4/bin/../lib/gcc/arm-none-eabi/7.2.1/../../../../arm-none-eabi/lib/thumb/v7e-m/fpv4-sp/softfp/crt0.o
START GROUP
LOAD ./app/bluetooth/common/util/infrastructure.o
LOAD ./application_properties.o
LOAD ./gatt_db.o
LOAD ./init_app.o
LOAD ./init_board_efr32xg1.o
LOAD ./init_mcu_efr32xg1.o
LOAD ./main.o
LOAD ./hardware/kit/common/bsp/bsp_stk.o
LOAD ./platform/Device/SiliconLabs/EFR32BG1B/Source/GCC/startup_efr32bg1b.o
LOAD ./platform/Device/SiliconLabs/EFR32BG1B/Source/system_efr32bg1b.o
LOAD ./platform/emdrv/sleep/src/sleep.o
LOAD ./platform/emdrv/tempdrv/src/tempdrv.o
LOAD ./platform/emlib/src/em_assert.o
LOAD ./platform/emlib/src/em_cmu.o
LOAD ./platform/emlib/src/em_core.o
LOAD ./platform/emlib/src/em_cryotimer.o
LOAD ./platform/emlib/src/em_crypto.o
LOAD ./platform/emlib/src/em_emu.o
LOAD ./platform/emlib/src/em_gpio.o
LOAD ./platform/emlib/src/em_i2c.o
LOAD ./platform/emlib/src/em_msc.o
LOAD ./platform/emlib/src/em_rmu.o
LOAD ./platform/emlib/src/em_rtcc.o
LOAD ./platform/emlib/src/em_se.o
LOAD ./platform/emlib/src/em_system.o
LOAD ./platform/emlib/src/em_timer.o
LOAD ./platform/emlib/src/em_usart.o
LOAD /home/burin/SimplicityStudio/v4_workspace/CLS_2/protocol/bluetooth/lib/EFR32BG1B/GCC/libpsstore.a
LOAD /home/burin/SimplicityStudio/v4_workspace/CLS_2/protocol/bluetooth/lib/EFR32BG1B/GCC/binapploader.o
LOAD /home/burin/SimplicityStudio/v4_workspace/CLS_2/protocol/bluetooth/lib/EFR32BG1B/GCC/libbluetooth.a
LOAD /home/burin/SimplicityStudio/v4_workspace/CLS_2/protocol/bluetooth/lib/EFR32BG1B/GCC/libmbedtls.a
LOAD /home/burin/SimplicityStudio/v4_workspace/CLS_2/platform/radio/rail_lib/autogen/librail_release/librail_efr32xg1_gcc_release.a
LOAD /home/burin/SimplicityStudio_v4/developer/toolchains/gnu_arm/7.2_2017q4/bin/../lib/gcc/arm-none-eabi/7.2.1/../../../../arm-none-eabi/lib/thumb/v7e-m/fpv4-sp/softfp/libm.a
END GROUP
START GROUP
LOAD /home/burin/SimplicityStudio_v4/developer/toolchains/gnu_arm/7.2_2017q4/bin/../lib/gcc/arm-none-eabi/7.2.1/thumb/v7e-m/fpv4-sp/softfp/libgcc.a
LOAD /home/burin/SimplicityStudio_v4/developer/toolchains/gnu_arm/7.2_2017q4/bin/../lib/gcc/arm-none-eabi/7.2.1/../../../../arm-none-eabi/lib/thumb/v7e-m/fpv4-sp/softfp/libc_nano.a
LOAD /home/burin/SimplicityStudio_v4/developer/toolchains/gnu_arm/7.2_2017q4/bin/../lib/gcc/arm-none-eabi/7.2.1/../../../../arm-none-eabi/lib/thumb/v7e-m/fpv4-sp/softfp/libnosys.a
END GROUP
START GROUP
LOAD /home/burin/SimplicityStudio_v4/developer/toolchains/gnu_arm/7.2_2017q4/bin/../lib/gcc/arm-none-eabi/7.2.1/thumb/v7e-m/fpv4-sp/softfp/libgcc.a
LOAD /home/burin/SimplicityStudio_v4/developer/toolchains/gnu_arm/7.2_2017q4/bin/../lib/gcc/arm-none-eabi/7.2.1/../../../../arm-none-eabi/lib/thumb/v7e-m/fpv4-sp/softfp/libg_nano.a
LOAD /home/burin/SimplicityStudio_v4/developer/toolchains/gnu_arm/7.2_2017q4/bin/../lib/gcc/arm-none-eabi/7.2.1/../../../../arm-none-eabi/lib/thumb/v7e-m/fpv4-sp/softfp/libc_nano.a
END GROUP
START GROUP
LOAD /home/burin/SimplicityStudio_v4/developer/toolchains/gnu_arm/7.2_2017q4/bin/../lib/gcc/arm-none-eabi/7.2.1/thumb/v7e-m/fpv4-sp/softfp/libgcc.a
LOAD /home/burin/SimplicityStudio_v4/developer/toolchains/gnu_arm/7.2_2017q4/bin/../lib/gcc/arm-none-eabi/7.2.1/../../../../arm-none-eabi/lib/thumb/v7e-m/fpv4-sp/softfp/libc_nano.a
END GROUP
LOAD /home/burin/SimplicityStudio_v4/developer/toolchains/gnu_arm/7.2_2017q4/bin/../lib/gcc/arm-none-eabi/7.2.1/thumb/v7e-m/fpv4-sp/softfp/crtend.o
LOAD /home/burin/SimplicityStudio_v4/developer/toolchains/gnu_arm/7.2_2017q4/bin/../lib/gcc/arm-none-eabi/7.2.1/thumb/v7e-m/fpv4-sp/softfp/crtn.o

.text_bootloader
                0x0000000000000000        0x0
 *(.binbootloader*)
                0x0000000000000000                . = ALIGN (0x4000)

.text_apploader
                0x0000000000004000     0x87c0
 *(.binapploader*)
 .binapploader  0x0000000000004000     0x87c0 /home/burin/SimplicityStudio/v4_workspace/CLS_2/protocol/bluetooth/lib/EFR32BG1B/GCC/binapploader.o

.text_signature
                0x000000000000c7c0       0x40
                0x000000000000c800                . = ALIGN (0x800)
 *fill*         0x000000000000c7c0       0x40 
                0x000000000000c800                __text_start__ = .

.text_application
                0x000000000000c800    0x1f888
 *(.vectors)
 .vectors       0x000000000000c800       0xc8 ./platform/Device/SiliconLabs/EFR32BG1B/Source/GCC/startup_efr32bg1b.o
                0x000000000000c800                __Vectors
                0x000000000000c8c8                __Vectors_End = .
                0x00000000000000c8                __Vectors_Size = (__Vectors_End - __Vectors)
                0x000000000000c8c8                __end__ = .
 *(.application_properties)
 .application_properties
                0x000000000000c8c8       0x38 ./application_properties.o
                0x000000000000c8c8                applicationProperties
 *(.gecko_configuration)
 *(.xo_configuration)
 *(.gatt_header)
 .gatt_header   0x000000000000c900       0x34 ./gatt_db.o
                0x000000000000c900                bg_gattdb_data
 *(.gatt_data)
 .gatt_data     0x000000000000c934      0x2e6 ./gatt_db.o
                0x000000000000c934                bg_gattdb_data_adv_uuid128_map
                0x000000000000c938                bg_gattdb_data_adv_uuid16_map
                0x000000000000c93c                bg_gattdb_data_attributes_dynamic_mapping_map
                0x000000000000c94c                bg_gattdb_data_attributes_map
                0x000000000000cad8                bg_gattdb_data_attribute_field_0
                0x000000000000cadc                bg_gattdb_data_attribute_field_1
                0x000000000000cae4                bg_gattdb_data_attribute_field_2
                0x000000000000caec                bg_gattdb_data_attribute_field_4
                0x000000000000caf0                bg_gattdb_data_attribute_field_5
                0x000000000000caf8                bg_gattdb_data_attribute_field_6
                0x000000000000cb00                bg_gattdb_data_attribute_field_7
                0x000000000000cb08                bg_gattdb_data_attribute_field_8
                0x000000000000cb0c                bg_gattdb_data_attribute_field_9
                0x000000000000cb10                bg_gattdb_data_attribute_field_10
                0x000000000000cb18                bg_gattdb_data_attribute_field_11
                0x000000000000cb28                bg_gattdb_data_attribute_field_12
                0x000000000000cb30                bg_gattdb_data_attribute_field_13
                0x000000000000cb3c                bg_gattdb_data_attribute_field_14
                0x000000000000cb44                bg_gattdb_data_attribute_field_15
                0x000000000000cb4c                bg_gattdb_data_attribute_field_16
                0x000000000000cb60                bg_gattdb_data_attribute_field_17
                0x000000000000cb78                bg_gattdb_data_attribute_field_18
                0x000000000000cb80                bg_gattdb_data_attribute_field_19
                0x000000000000cb84                bg_gattdb_data_attribute_field_20
                0x000000000000cb8c                bg_gattdb_data_attribute_field_21
                0x000000000000cb94                bg_gattdb_data_attribute_field_22
                0x000000000000cb9c                bg_gattdb_data_attribute_field_23
                0x000000000000cba4                bg_gattdb_data_attribute_field_25
                0x000000000000cbac                bg_gattdb_data_attribute_field_26
                0x000000000000cbb4                bg_gattdb_data_attribute_field_27
                0x000000000000cbbc                bg_gattdb_data_attribute_field_28
                0x000000000000cbc4                bg_gattdb_data_attribute_field_30
                0x000000000000cbcc                bg_gattdb_data_attribute_field_31
                0x000000000000cbd4                bg_gattdb_data_uuidtable_128_map
                0x000000000000cbf4                bg_gattdb_data_uuidtable_16_map
 *(.text*)
 *fill*         0x000000000000cc1a        0x2 
 .text          0x000000000000cc1c       0x40 /home/burin/SimplicityStudio_v4/developer/toolchains/gnu_arm/7.2_2017q4/bin/../lib/gcc/arm-none-eabi/7.2.1/thumb/v7e-m/fpv4-sp/softfp/crtbegin.o
 .text          0x000000000000cc5c       0x74 /home/burin/SimplicityStudio_v4/developer/toolchains/gnu_arm/7.2_2017q4/bin/../lib/gcc/arm-none-eabi/7.2.1/../../../../arm-none-eabi/lib/thumb/v7e-m/fpv4-sp/softfp/crt0.o
                0x000000000000cc5c                _mainCRTStartup
                0x000000000000cc5c                _start
 .text.initApp  0x000000000000ccd0        0x4 ./init_app.o
                0x000000000000ccd0                initApp
 .text.initBoard
                0x000000000000ccd4       0x20 ./init_board_efr32xg1.o
                0x000000000000ccd4                initBoard
 .text.initMcu  0x000000000000ccf4      0x168 ./init_mcu_efr32xg1.o
                0x000000000000ccf4                initMcu
 .text.startup.main
                0x000000000000ce5c      0x1cc ./main.o
                0x000000000000ce5c                main
 .text.Default_Handler
                0x000000000000d028        0x4 ./platform/Device/SiliconLabs/EFR32BG1B/Source/GCC/startup_efr32bg1b.o
                0x000000000000d028                DebugMon_Handler
                0x000000000000d028                USART0_TX_IRQHandler
                0x000000000000d028                I2C0_IRQHandler
                0x000000000000d028                HardFault_Handler
                0x000000000000d028                SysTick_Handler
                0x000000000000d028                USART1_RX_IRQHandler
                0x000000000000d028                PendSV_Handler
                0x000000000000d028                NMI_Handler
                0x000000000000d028                WDOG0_IRQHandler
                0x000000000000d028                USART1_TX_IRQHandler
                0x000000000000d028                MSC_IRQHandler
                0x000000000000d028                ADC0_IRQHandler
                0x000000000000d028                UsageFault_Handler
                0x000000000000d028                LEUART0_IRQHandler
                0x000000000000d028                FPUEH_IRQHandler
                0x000000000000d028                GPIO_EVEN_IRQHandler
                0x000000000000d028                LDMA_IRQHandler
                0x000000000000d028                TIMER0_IRQHandler
                0x000000000000d028                LETIMER0_IRQHandler
                0x000000000000d028                TIMER1_IRQHandler
                0x000000000000d028                Default_Handler
                0x000000000000d028                CRYOTIMER_IRQHandler
                0x000000000000d028                PCNT0_IRQHandler
                0x000000000000d028                ACMP0_IRQHandler
                0x000000000000d028                USART0_RX_IRQHandler
                0x000000000000d028                MemManage_Handler
                0x000000000000d028                SVC_Handler
                0x000000000000d028                RTCC_IRQHandler
                0x000000000000d028                CRYPTO_IRQHandler
                0x000000000000d028                CMU_IRQHandler
                0x000000000000d028                GPIO_ODD_IRQHandler
                0x000000000000d028                BusFault_Handler
                0x000000000000d028                IDAC0_IRQHandler
 .text.Reset_Handler
                0x000000000000d02c       0x2c ./platform/Device/SiliconLabs/EFR32BG1B/Source/GCC/startup_efr32bg1b.o
                0x000000000000d02c                Reset_Handler
 .text.SystemMaxCoreClockGet
                0x000000000000d058        0x8 ./platform/Device/SiliconLabs/EFR32BG1B/Source/system_efr32bg1b.o
                0x000000000000d058                SystemMaxCoreClockGet
 .text.SystemHFClockGet
                0x000000000000d060       0x50 ./platform/Device/SiliconLabs/EFR32BG1B/Source/system_efr32bg1b.o
                0x000000000000d060                SystemHFClockGet
 .text.SystemCoreClockGet
                0x000000000000d0b0       0x24 ./platform/Device/SiliconLabs/EFR32BG1B/Source/system_efr32bg1b.o
                0x000000000000d0b0                SystemCoreClockGet
 .text.SystemHFXOClockGet
                0x000000000000d0d4        0xc ./platform/Device/SiliconLabs/EFR32BG1B/Source/system_efr32bg1b.o
                0x000000000000d0d4                SystemHFXOClockGet
 .text.SystemHFXOClockSet
                0x000000000000d0e0       0x3c ./platform/Device/SiliconLabs/EFR32BG1B/Source/system_efr32bg1b.o
                0x000000000000d0e0                SystemHFXOClockSet
 .text.SystemInit
                0x000000000000d11c       0x54 ./platform/Device/SiliconLabs/EFR32BG1B/Source/system_efr32bg1b.o
                0x000000000000d11c                SystemInit
 .text.SystemLFRCOClockGet
                0x000000000000d170        0x8 ./platform/Device/SiliconLabs/EFR32BG1B/Source/system_efr32bg1b.o
                0x000000000000d170                SystemLFRCOClockGet
 .text.SystemULFRCOClockGet
                0x000000000000d178        0x8 ./platform/Device/SiliconLabs/EFR32BG1B/Source/system_efr32bg1b.o
                0x000000000000d178                SystemULFRCOClockGet
 .text.SystemLFXOClockGet
                0x000000000000d180        0xc ./platform/Device/SiliconLabs/EFR32BG1B/Source/system_efr32bg1b.o
                0x000000000000d180                SystemLFXOClockGet
 .text.sleepCallbackWrapper
                0x000000000000d18c       0x14 ./platform/emdrv/sleep/src/sleep.o
 .text.enterEMx
                0x000000000000d1a0       0x20 ./platform/emdrv/sleep/src/sleep.o
 .text.SLEEP_Init
                0x000000000000d1c0       0x40 ./platform/emdrv/sleep/src/sleep.o
                0x000000000000d1c0                SLEEP_Init
 .text.SLEEP_Sleep
                0x000000000000d200       0x70 ./platform/emdrv/sleep/src/sleep.o
                0x000000000000d200                SLEEP_Sleep
 .text.SLEEP_SleepBlockBegin
                0x000000000000d270       0x18 ./platform/emdrv/sleep/src/sleep.o
                0x000000000000d270                SLEEP_SleepBlockBegin
 .text.SLEEP_SleepBlockEnd
                0x000000000000d288       0x1c ./platform/emdrv/sleep/src/sleep.o
                0x000000000000d288                SLEEP_SleepBlockEnd
 .text.SLEEP_LowestEnergyModeGet
                0x000000000000d2a4       0x1c ./platform/emdrv/sleep/src/sleep.o
                0x000000000000d2a4                SLEEP_LowestEnergyModeGet
 .text.updateInterrupts
                0x000000000000d2c0       0xcc ./platform/emdrv/tempdrv/src/tempdrv.o
 .text.errataStateUpdate
                0x000000000000d38c       0xc0 ./platform/emdrv/tempdrv/src/tempdrv.o
 .text.errataCallback
                0x000000000000d44c        0x4 ./platform/emdrv/tempdrv/src/tempdrv.o
 .text.TEMPDRV_IRQHandler
                0x000000000000d450       0x9c ./platform/emdrv/tempdrv/src/tempdrv.o
                0x000000000000d450                TEMPDRV_IRQHandler
 .text.EMU_IRQHandler
                0x000000000000d4ec        0x4 ./platform/emdrv/tempdrv/src/tempdrv.o
                0x000000000000d4ec                EMU_IRQHandler
 .text.TEMPDRV_Init
                0x000000000000d4f0      0x120 ./platform/emdrv/tempdrv/src/tempdrv.o
                0x000000000000d4f0                TEMPDRV_Init
 .text.flashWaitStateMax
                0x000000000000d610       0x48 ./platform/emlib/src/em_cmu.o
 .text.CMU_OscillatorTuningSet.part.3
                0x000000000000d658       0x3c ./platform/emlib/src/em_cmu.o
 .text.CMU_ClockEnable
                0x000000000000d694       0x94 ./platform/emlib/src/em_cmu.o
                0x000000000000d694                CMU_ClockEnable
 .text.CMU_ClockSelectGet
                0x000000000000d728       0xc4 ./platform/emlib/src/em_cmu.o
                0x000000000000d728                CMU_ClockSelectGet
 .text.lfClkGet
                0x000000000000d7ec       0x94 ./platform/emlib/src/em_cmu.o
 .text.CMU_ClockFreqGet
                0x000000000000d880      0x160 ./platform/emlib/src/em_cmu.o
                0x000000000000d880                CMU_ClockFreqGet
 .text.CMU_HFXOInit
                0x000000000000d9e0       0x90 ./platform/emlib/src/em_cmu.o
                0x000000000000d9e0                CMU_HFXOInit
 .text.CMU_OscillatorTuningWait
                0x000000000000da70       0x48 ./platform/emlib/src/em_cmu.o
                0x000000000000da70                CMU_OscillatorTuningWait
 .text.CMU_OscillatorEnable
                0x000000000000dab8      0x108 ./platform/emlib/src/em_cmu.o
                0x000000000000dab8                CMU_OscillatorEnable
 .text.CMU_ClockSelectSet
                0x000000000000dbc0      0x240 ./platform/emlib/src/em_cmu.o
                0x000000000000dbc0                CMU_ClockSelectSet
 .text.CMU_HFXOAutostartEnable
                0x000000000000de00       0xc8 ./platform/emlib/src/em_cmu.o
                0x000000000000de00                CMU_HFXOAutostartEnable
 .text.CORE_EnterCritical
                0x000000000000dec8        0x8 ./platform/emlib/src/em_core.o
                0x000000000000dec8                CORE_EnterCritical
 .text.CORE_ExitCritical
                0x000000000000ded0        0x8 ./platform/emlib/src/em_core.o
                0x000000000000ded0                CORE_ExitCritical
 .text.CORE_EnterAtomic
                0x000000000000ded8        0x8 ./platform/emlib/src/em_core.o
                0x000000000000ded8                CORE_EnterAtomic
 .text.CORE_ExitAtomic
                0x000000000000dee0        0x4 ./platform/emlib/src/em_core.o
                0x000000000000dee0                CORE_ExitAtomic
 .text.CORE_SetNvicRamTableHandler
                0x000000000000dee4       0x10 ./platform/emlib/src/em_core.o
                0x000000000000dee4                CORE_SetNvicRamTableHandler
 .text.CORE_InitNvicVectorTable
                0x000000000000def4       0x44 ./platform/emlib/src/em_core.o
                0x000000000000def4                CORE_InitNvicVectorTable
 .text.CRYPTO_ModulusSet
                0x000000000000df38       0x38 ./platform/emlib/src/em_crypto.o
                0x000000000000df38                CRYPTO_ModulusSet
 .text.CRYPTO_KeyRead
                0x000000000000df70       0x2c ./platform/emlib/src/em_crypto.o
                0x000000000000df70                CRYPTO_KeyRead
 .text.emState.part.2
                0x000000000000df9c       0x24 ./platform/emlib/src/em_emu.o
 .text.emState.constprop.5
                0x000000000000dfc0       0x50 ./platform/emlib/src/em_emu.o
 .text.EMU_Save
                0x000000000000e010        0x4 ./platform/emlib/src/em_emu.o
                0x000000000000e010                EMU_Save
 .text.EMU_Restore
                0x000000000000e014        0x4 ./platform/emlib/src/em_emu.o
                0x000000000000e014                EMU_Restore
 .text.EMU_DCDCOptimizeSlice
                0x000000000000e018       0xf8 ./platform/emlib/src/em_emu.o
                0x000000000000e018                EMU_DCDCOptimizeSlice
 .text.EMU_DCDCLnRcoBandSet
                0x000000000000e110       0x24 ./platform/emlib/src/em_emu.o
                0x000000000000e110                EMU_DCDCLnRcoBandSet
 .text.EMU_DCDCPowerOff
                0x000000000000e134       0x20 ./platform/emlib/src/em_emu.o
                0x000000000000e134                EMU_DCDCPowerOff
 .text.EMU_SetBiasMode
                0x000000000000e154       0x7c ./platform/emlib/src/em_emu.o
                0x000000000000e154                EMU_SetBiasMode
 .text.MSC_Init
                0x000000000000e1d0       0x18 ./platform/emlib/src/em_msc.o
                0x000000000000e1d0                MSC_Init
 .text.MSC_Deinit
                0x000000000000e1e8       0x14 ./platform/emlib/src/em_msc.o
                0x000000000000e1e8                MSC_Deinit
 .text.RMU_ResetCauseClear
                0x000000000000e1fc        0xc ./platform/emlib/src/em_rmu.o
                0x000000000000e1fc                RMU_ResetCauseClear
 .text.RMU_ResetCauseGet
                0x000000000000e208       0x7c ./platform/emlib/src/em_rmu.o
                0x000000000000e208                RMU_ResetCauseGet
 .text.RTCC_ChannelInit
                0x000000000000e284       0x38 ./platform/emlib/src/em_rtcc.o
                0x000000000000e284                RTCC_ChannelInit
 .text.RTCC_Init
                0x000000000000e2bc       0x64 ./platform/emlib/src/em_rtcc.o
                0x000000000000e2bc                RTCC_Init
 .text.SYSTEM_ChipRevisionGet
                0x000000000000e320       0x34 ./platform/emlib/src/em_system.o
                0x000000000000e320                SYSTEM_ChipRevisionGet
 .text.convert_scan_respone_packet_type.isra.0
                0x000000000000e354       0x44 /home/burin/SimplicityStudio/v4_workspace/CLS_2/protocol/bluetooth/lib/EFR32BG1B/GCC/libbluetooth.a(bgapi.c.obj)
 .text.bgapi_ubt_listener
                0x000000000000e398      0x3fc /home/burin/SimplicityStudio/v4_workspace/CLS_2/protocol/bluetooth/lib/EFR32BG1B/GCC/libbluetooth.a(bgapi.c.obj)
                0x000000000000e398                bgapi_ubt_listener
 .text.register_message_handler
                0x000000000000e794        0xc /home/burin/SimplicityStudio/v4_workspace/CLS_2/protocol/bluetooth/lib/EFR32BG1B/GCC/libbluetooth.a(bgapi.c.obj)
                0x000000000000e794                register_message_handler
 .text.bgapi_init
                0x000000000000e7a0       0x1c /home/burin/SimplicityStudio/v4_workspace/CLS_2/protocol/bluetooth/lib/EFR32BG1B/GCC/libbluetooth.a(bgapi.c.obj)
                0x000000000000e7a0                bgapi_init
 .text.bgapi_buffer_init
                0x000000000000e7bc       0x30 /home/burin/SimplicityStudio/v4_workspace/CLS_2/protocol/bluetooth/lib/EFR32BG1B/GCC/libbluetooth.a(bgapi.c.obj)
                0x000000000000e7bc                bgapi_buffer_init
 .text.bg_set_max_tx_power
                0x000000000000e7ec       0x68 /home/burin/SimplicityStudio/v4_workspace/CLS_2/protocol/bluetooth/lib/EFR32BG1B/GCC/libbluetooth.a(bgapi.c.obj)
                0x000000000000e7ec                bg_set_max_tx_power
 .text.lib_le_gap_handler_init
                0x000000000000e854        0x2 /home/burin/SimplicityStudio/v4_workspace/CLS_2/protocol/bluetooth/lib/EFR32BG1B/GCC/libbluetooth.a(bgapi_gap.c.obj)
                0x000000000000e854                lib_le_gap_handler_init
 *fill*         0x000000000000e856        0x2 
 .text.sli_bt_cmd_le_gap_set_advertise_timing
                0x000000000000e858       0x3c /home/burin/SimplicityStudio/v4_workspace/CLS_2/protocol/bluetooth/lib/EFR32BG1B/GCC/libbluetooth.a(bgapi_gap.c.obj)
                0x000000000000e858                sli_bt_cmd_le_gap_set_advertise_timing
 .text.sli_bt_cmd_le_gap_start_advertising
                0x000000000000e894       0x38 /home/burin/SimplicityStudio/v4_workspace/CLS_2/protocol/bluetooth/lib/EFR32BG1B/GCC/libbluetooth.a(bgapi_gap.c.obj)
                0x000000000000e894                sli_bt_cmd_le_gap_start_advertising
 .text.bgapi_gatt_listener
                0x000000000000e8cc      0x28c /home/burin/SimplicityStudio/v4_workspace/CLS_2/protocol/bluetooth/lib/EFR32BG1B/GCC/libbluetooth.a(bgapi_gatt.c.obj)
                0x000000000000e8cc                bgapi_gatt_listener
 .text.lib_gatt_handler_init
                0x000000000000eb58        0x4 /home/burin/SimplicityStudio/v4_workspace/CLS_2/protocol/bluetooth/lib/EFR32BG1B/GCC/libbluetooth.a(bgapi_gatt_lib.c.obj)
                0x000000000000eb58                lib_gatt_handler_init
 .text.lib_gatt_server_handler_init
                0x000000000000eb5c        0x2 /home/burin/SimplicityStudio/v4_workspace/CLS_2/protocol/bluetooth/lib/EFR32BG1B/GCC/libbluetooth.a(bgapi_gatt_lib.c.obj)
                0x000000000000eb5c                lib_gatt_server_handler_init
 *fill*         0x000000000000eb5e        0x2 
 .text.sli_bt_cmd_gatt_server_send_user_write_response
                0x000000000000eb60       0x34 /home/burin/SimplicityStudio/v4_workspace/CLS_2/protocol/bluetooth/lib/EFR32BG1B/GCC/libbluetooth.a(bgapi_gatt_lib.c.obj)
                0x000000000000eb60                sli_bt_cmd_gatt_server_send_user_write_response
 .text.lib_le_connection_handler_init
                0x000000000000eb94        0x2 /home/burin/SimplicityStudio/v4_workspace/CLS_2/protocol/bluetooth/lib/EFR32BG1B/GCC/libbluetooth.a(bgapi_le_connection.c.obj)
                0x000000000000eb94                lib_le_connection_handler_init
 .text.bgapi_close_le_connection
                0x000000000000eb96       0x16 /home/burin/SimplicityStudio/v4_workspace/CLS_2/protocol/bluetooth/lib/EFR32BG1B/GCC/libbluetooth.a(bgapi_le_connection.c.obj)
                0x000000000000eb96                bgapi_close_le_connection
 .text.sli_bt_cmd_le_connection_close
                0x000000000000ebac       0x2c /home/burin/SimplicityStudio/v4_workspace/CLS_2/protocol/bluetooth/lib/EFR32BG1B/GCC/libbluetooth.a(bgapi_le_connection.c.obj)
                0x000000000000ebac                sli_bt_cmd_le_connection_close
 .text.bgapi_system_listener
                0x000000000000ebd8       0x30 /home/burin/SimplicityStudio/v4_workspace/CLS_2/protocol/bluetooth/lib/EFR32BG1B/GCC/libbluetooth.a(bgapi_system.c.obj)
                0x000000000000ebd8                bgapi_system_listener
 .text.lib_system_handler_init
                0x000000000000ec08       0x14 /home/burin/SimplicityStudio/v4_workspace/CLS_2/protocol/bluetooth/lib/EFR32BG1B/GCC/libbluetooth.a(bgapi_system.c.obj)
                0x000000000000ec08                lib_system_handler_init
 .text.sli_bt_cmd_system_reset
                0x000000000000ec1c        0x6 /home/burin/SimplicityStudio/v4_workspace/CLS_2/protocol/bluetooth/lib/EFR32BG1B/GCC/libbluetooth.a(bgapi_system.c.obj)
                0x000000000000ec1c                sli_bt_cmd_system_reset
 *fill*         0x000000000000ec22        0x2 
 .text.bgbuf_alloc_int
                0x000000000000ec24       0x9c /home/burin/SimplicityStudio/v4_workspace/CLS_2/protocol/bluetooth/lib/EFR32BG1B/GCC/libbluetooth.a(bgbuf.c.obj)
 .text.bgbuf_init
                0x000000000000ecc0       0x2c /home/burin/SimplicityStudio/v4_workspace/CLS_2/protocol/bluetooth/lib/EFR32BG1B/GCC/libbluetooth.a(bgbuf.c.obj)
                0x000000000000ecc0                bgbuf_init
 .text.bgbuf_alloc
                0x000000000000ecec        0xc /home/burin/SimplicityStudio/v4_workspace/CLS_2/protocol/bluetooth/lib/EFR32BG1B/GCC/libbluetooth.a(bgbuf.c.obj)
                0x000000000000ecec                bgbuf_alloc
 .text.bgbuf_alloc_size
                0x000000000000ecf8       0x10 /home/burin/SimplicityStudio/v4_workspace/CLS_2/protocol/bluetooth/lib/EFR32BG1B/GCC/libbluetooth.a(bgbuf.c.obj)
                0x000000000000ecf8                bgbuf_alloc_size
 .text.bgbuf_free
                0x000000000000ed08       0x7c /home/burin/SimplicityStudio/v4_workspace/CLS_2/protocol/bluetooth/lib/EFR32BG1B/GCC/libbluetooth.a(bgbuf.c.obj)
                0x000000000000ed08                bgbuf_free
 .text.bgbuf_append
                0x000000000000ed84       0x16 /home/burin/SimplicityStudio/v4_workspace/CLS_2/protocol/bluetooth/lib/EFR32BG1B/GCC/libbluetooth.a(bgbuf.c.obj)
                0x000000000000ed84                bgbuf_append
 .text.bgbuf_append_data
                0x000000000000ed9a       0x24 /home/burin/SimplicityStudio/v4_workspace/CLS_2/protocol/bluetooth/lib/EFR32BG1B/GCC/libbluetooth.a(bgbuf.c.obj)
                0x000000000000ed9a                bgbuf_append_data
 .text.bgbuf_copy_to
                0x000000000000edbe       0x5e /home/burin/SimplicityStudio/v4_workspace/CLS_2/protocol/bluetooth/lib/EFR32BG1B/GCC/libbluetooth.a(bgbuf.c.obj)
                0x000000000000edbe                bgbuf_copy_to
 .text.bgbuf_chain_free
                0x000000000000ee1c       0x14 /home/burin/SimplicityStudio/v4_workspace/CLS_2/protocol/bluetooth/lib/EFR32BG1B/GCC/libbluetooth.a(bgbuf.c.obj)
                0x000000000000ee1c                bgbuf_chain_free
 .text.bgbuf_clone
                0x000000000000ee30       0x72 /home/burin/SimplicityStudio/v4_workspace/CLS_2/protocol/bluetooth/lib/EFR32BG1B/GCC/libbluetooth.a(bgbuf.c.obj)
                0x000000000000ee30                bgbuf_clone
 .text.bgbuf_chain_pop_packet
                0x000000000000eea2       0x26 /home/burin/SimplicityStudio/v4_workspace/CLS_2/protocol/bluetooth/lib/EFR32BG1B/GCC/libbluetooth.a(bgbuf.c.obj)
                0x000000000000eea2                bgbuf_chain_pop_packet
 .text.bgbuf_prepend_no_alloc
                0x000000000000eec8       0x40 /home/burin/SimplicityStudio/v4_workspace/CLS_2/protocol/bluetooth/lib/EFR32BG1B/GCC/libbluetooth.a(bgbuf.c.obj)
                0x000000000000eec8                bgbuf_prepend_no_alloc
 .text.bgbuf_prepend
                0x000000000000ef08       0x24 /home/burin/SimplicityStudio/v4_workspace/CLS_2/protocol/bluetooth/lib/EFR32BG1B/GCC/libbluetooth.a(bgbuf.c.obj)
                0x000000000000ef08                bgbuf_prepend
 .text.bgbuf_split
                0x000000000000ef2c       0x50 /home/burin/SimplicityStudio/v4_workspace/CLS_2/protocol/bluetooth/lib/EFR32BG1B/GCC/libbluetooth.a(bgbuf.c.obj)
                0x000000000000ef2c                bgbuf_split
 .text.bgbuf_chain_get
                0x000000000000ef7c       0x46 /home/burin/SimplicityStudio/v4_workspace/CLS_2/protocol/bluetooth/lib/EFR32BG1B/GCC/libbluetooth.a(bgbuf.c.obj)
                0x000000000000ef7c                bgbuf_chain_get
 .text.bgbuf_chain_get_head
                0x000000000000efc2       0x10 /home/burin/SimplicityStudio/v4_workspace/CLS_2/protocol/bluetooth/lib/EFR32BG1B/GCC/libbluetooth.a(bgbuf.c.obj)
                0x000000000000efc2                bgbuf_chain_get_head
 .text.bgbuf_chain_len
                0x000000000000efd2       0x14 /home/burin/SimplicityStudio/v4_workspace/CLS_2/protocol/bluetooth/lib/EFR32BG1B/GCC/libbluetooth.a(bgbuf.c.obj)
                0x000000000000efd2                bgbuf_chain_len
 .text.bgbuf_memcmp
                0x000000000000efe6       0x44 /home/burin/SimplicityStudio/v4_workspace/CLS_2/protocol/bluetooth/lib/EFR32BG1B/GCC/libbluetooth.a(bgbuf.c.obj)
                0x000000000000efe6                bgbuf_memcmp
 .text.bgbuf_cmp
                0x000000000000f02a       0xac /home/burin/SimplicityStudio/v4_workspace/CLS_2/protocol/bluetooth/lib/EFR32BG1B/GCC/libbluetooth.a(bgbuf.c.obj)
                0x000000000000f02a                bgbuf_cmp
 .text.bgbuf_chain_add
                0x000000000000f0d6       0x14 /home/burin/SimplicityStudio/v4_workspace/CLS_2/protocol/bluetooth/lib/EFR32BG1B/GCC/libbluetooth.a(bgbuf.c.obj)
                0x000000000000f0d6                bgbuf_chain_add
 .text.bgbuf_chain_append_data
                0x000000000000f0ea       0x64 /home/burin/SimplicityStudio/v4_workspace/CLS_2/protocol/bluetooth/lib/EFR32BG1B/GCC/libbluetooth.a(bgbuf.c.obj)
                0x000000000000f0ea                bgbuf_chain_append_data
 .text.bgbuf_alloc_copy_data
                0x000000000000f14e       0x2a /home/burin/SimplicityStudio/v4_workspace/CLS_2/protocol/bluetooth/lib/EFR32BG1B/GCC/libbluetooth.a(bgbuf.c.obj)
                0x000000000000f14e                bgbuf_alloc_copy_data
 .text.bgbuf_chain_drop
                0x000000000000f178       0x2c /home/burin/SimplicityStudio/v4_workspace/CLS_2/protocol/bluetooth/lib/EFR32BG1B/GCC/libbluetooth.a(bgbuf.c.obj)
                0x000000000000f178                bgbuf_chain_drop
 .text.bgbuf_chain_drop_end
                0x000000000000f1a4       0x42 /home/burin/SimplicityStudio/v4_workspace/CLS_2/protocol/bluetooth/lib/EFR32BG1B/GCC/libbluetooth.a(bgbuf.c.obj)
                0x000000000000f1a4                bgbuf_chain_drop_end
 .text.bgbuf_chain_defragment
                0x000000000000f1e6       0x8c /home/burin/SimplicityStudio/v4_workspace/CLS_2/protocol/bluetooth/lib/EFR32BG1B/GCC/libbluetooth.a(bgbuf.c.obj)
                0x000000000000f1e6                bgbuf_chain_defragment
 *fill*         0x000000000000f272        0x2 
 .text.bgbuf_add_callback
                0x000000000000f274       0x1c /home/burin/SimplicityStudio/v4_workspace/CLS_2/protocol/bluetooth/lib/EFR32BG1B/GCC/libbluetooth.a(bgbuf.c.obj)
                0x000000000000f274                bgbuf_add_callback
 .text.gecko_init_alloc
                0x000000000000f290       0x38 /home/burin/SimplicityStudio/v4_workspace/CLS_2/protocol/bluetooth/lib/EFR32BG1B/GCC/libbluetooth.a(bglib.c.obj)
                0x000000000000f290                gecko_init_alloc
 .text.user_signal_message_handler
                0x000000000000f2c8       0x2c /home/burin/SimplicityStudio/v4_workspace/CLS_2/protocol/bluetooth/lib/EFR32BG1B/GCC/libbluetooth.a(bglib.c.obj)
 .text.gecko_process_event
                0x000000000000f2f4       0x5c /home/burin/SimplicityStudio/v4_workspace/CLS_2/protocol/bluetooth/lib/EFR32BG1B/GCC/libbluetooth.a(bglib.c.obj)
 .text.check_ctune_override
                0x000000000000f350       0x2c /home/burin/SimplicityStudio/v4_workspace/CLS_2/protocol/bluetooth/lib/EFR32BG1B/GCC/libbluetooth.a(bglib.c.obj)
                0x000000000000f350                check_ctune_override
 .text.gecko_stack_init
                0x000000000000f37c      0x254 /home/burin/SimplicityStudio/v4_workspace/CLS_2/protocol/bluetooth/lib/EFR32BG1B/GCC/libbluetooth.a(bglib.c.obj)
                0x000000000000f37c                gecko_stack_init
 .text.gecko_wait_event
                0x000000000000f5d0        0x6 /home/burin/SimplicityStudio/v4_workspace/CLS_2/protocol/bluetooth/lib/EFR32BG1B/GCC/libbluetooth.a(bglib.c.obj)
                0x000000000000f5d0                gecko_wait_event
 *fill*         0x000000000000f5d6        0x2 
 .text.gecko_stack_update_callback
                0x000000000000f5d8       0x10 /home/burin/SimplicityStudio/v4_workspace/CLS_2/protocol/bluetooth/lib/EFR32BG1B/GCC/libbluetooth.a(bglib.c.obj)
                0x000000000000f5d8                gecko_stack_update_callback
 .text.bootloader_getInfo
                0x000000000000f5e8       0x48 /home/burin/SimplicityStudio/v4_workspace/CLS_2/protocol/bluetooth/lib/EFR32BG1B/GCC/libbluetooth.a(btl_interface.c.obj)
                0x000000000000f5e8                bootloader_getInfo
 .text.bg_hal_get_current_ctune
                0x000000000000f630       0x14 /home/burin/SimplicityStudio/v4_workspace/CLS_2/protocol/bluetooth/lib/EFR32BG1B/GCC/libbluetooth.a(efr32xg1x.c.obj)
                0x000000000000f630                bg_hal_get_current_ctune
 .text.bg_hal_set_ctune
                0x000000000000f644       0x64 /home/burin/SimplicityStudio/v4_workspace/CLS_2/protocol/bluetooth/lib/EFR32BG1B/GCC/libbluetooth.a(efr32xg1x.c.obj)
                0x000000000000f644                bg_hal_set_ctune
 .text.bg_hal_get_le_phys
                0x000000000000f6a8        0x4 /home/burin/SimplicityStudio/v4_workspace/CLS_2/protocol/bluetooth/lib/EFR32BG1B/GCC/libbluetooth.a(efr32xg1x.c.obj)
                0x000000000000f6a8                bg_hal_get_le_phys
 .text.bg_hal_has_high_power_pa
                0x000000000000f6ac       0x10 /home/burin/SimplicityStudio/v4_workspace/CLS_2/protocol/bluetooth/lib/EFR32BG1B/GCC/libbluetooth.a(efr32xg1x.c.obj)
                0x000000000000f6ac                bg_hal_has_high_power_pa
 .text.bg_hal_init_hfbus_clocks
                0x000000000000f6bc       0x14 /home/burin/SimplicityStudio/v4_workspace/CLS_2/protocol/bluetooth/lib/EFR32BG1B/GCC/libbluetooth.a(efr32xg1x.c.obj)
                0x000000000000f6bc                bg_hal_init_hfbus_clocks
 .text.gap_is_scanning_or_advertising.part.0
                0x000000000000f6d0       0x2c /home/burin/SimplicityStudio/v4_workspace/CLS_2/protocol/bluetooth/lib/EFR32BG1B/GCC/libbluetooth.a(gap.c.obj)
 .text.gap_is_resolvable
                0x000000000000f6fc       0x18 /home/burin/SimplicityStudio/v4_workspace/CLS_2/protocol/bluetooth/lib/EFR32BG1B/GCC/libbluetooth.a(gap.c.obj)
                0x000000000000f6fc                gap_is_resolvable
 .text.gap_init
                0x000000000000f714       0x14 /home/burin/SimplicityStudio/v4_workspace/CLS_2/protocol/bluetooth/lib/EFR32BG1B/GCC/libbluetooth.a(gap.c.obj)
                0x000000000000f714                gap_init
 .text.gap_reset_state
                0x000000000000f728       0xac /home/burin/SimplicityStudio/v4_workspace/CLS_2/protocol/bluetooth/lib/EFR32BG1B/GCC/libbluetooth.a(gap.c.obj)
                0x000000000000f728                gap_reset_state
 .text.gap_notify_connection_parameters
                0x000000000000f7d4       0x60 /home/burin/SimplicityStudio/v4_workspace/CLS_2/protocol/bluetooth/lib/EFR32BG1B/GCC/libbluetooth.a(gap.c.obj)
                0x000000000000f7d4                gap_notify_connection_parameters
 .text.gap_connection_complete.part.4
                0x000000000000f834       0xc8 /home/burin/SimplicityStudio/v4_workspace/CLS_2/protocol/bluetooth/lib/EFR32BG1B/GCC/libbluetooth.a(gap.c.obj)
 .text.gap_notify_phy_status
                0x000000000000f8fc       0x3c /home/burin/SimplicityStudio/v4_workspace/CLS_2/protocol/bluetooth/lib/EFR32BG1B/GCC/libbluetooth.a(gap.c.obj)
                0x000000000000f8fc                gap_notify_phy_status
 .text.gap_resolver_completed
                0x000000000000f938       0x90 /home/burin/SimplicityStudio/v4_workspace/CLS_2/protocol/bluetooth/lib/EFR32BG1B/GCC/libbluetooth.a(gap.c.obj)
                0x000000000000f938                gap_resolver_completed
 .text.check_private_address_and_timer
                0x000000000000f9c8       0x64 /home/burin/SimplicityStudio/v4_workspace/CLS_2/protocol/bluetooth/lib/EFR32BG1B/GCC/libbluetooth.a(gap.c.obj)
                0x000000000000f9c8                check_private_address_and_timer
 .text.gap_scan_update
                0x000000000000fa2c       0xb8 /home/burin/SimplicityStudio/v4_workspace/CLS_2/protocol/bluetooth/lib/EFR32BG1B/GCC/libbluetooth.a(gap.c.obj)
                0x000000000000fa2c                gap_scan_update
 .text.gap_listener
                0x000000000000fae4       0xa0 /home/burin/SimplicityStudio/v4_workspace/CLS_2/protocol/bluetooth/lib/EFR32BG1B/GCC/libbluetooth.a(gap.c.obj)
                0x000000000000fae4                gap_listener
 .text.gap_disconnect_acl
                0x000000000000fb84       0x12 /home/burin/SimplicityStudio/v4_workspace/CLS_2/protocol/bluetooth/lib/EFR32BG1B/GCC/libbluetooth.a(gap.c.obj)
                0x000000000000fb84                gap_disconnect_acl
 *fill*         0x000000000000fb96        0x2 
 .text.gap_connection_disconnected
                0x000000000000fb98       0x34 /home/burin/SimplicityStudio/v4_workspace/CLS_2/protocol/bluetooth/lib/EFR32BG1B/GCC/libbluetooth.a(gap.c.obj)
                0x000000000000fb98                gap_connection_disconnected
 .text.gap_connection_complete
                0x000000000000fbcc       0x5c /home/burin/SimplicityStudio/v4_workspace/CLS_2/protocol/bluetooth/lib/EFR32BG1B/GCC/libbluetooth.a(gap.c.obj)
                0x000000000000fbcc                gap_connection_complete
 .text.gap_encryption_changed
                0x000000000000fc28       0x50 /home/burin/SimplicityStudio/v4_workspace/CLS_2/protocol/bluetooth/lib/EFR32BG1B/GCC/libbluetooth.a(gap.c.obj)
                0x000000000000fc28                gap_encryption_changed
 .text.ubt_gap_set_static_address_identity
                0x000000000000fc78       0x50 /home/burin/SimplicityStudio/v4_workspace/CLS_2/protocol/bluetooth/lib/EFR32BG1B/GCC/libbluetooth.a(gap.c.obj)
                0x000000000000fc78                ubt_gap_set_static_address_identity
 .text.ubt_gap_get_identity_address
                0x000000000000fcc8       0x1c /home/burin/SimplicityStudio/v4_workspace/CLS_2/protocol/bluetooth/lib/EFR32BG1B/GCC/libbluetooth.a(gap.c.obj)
                0x000000000000fcc8                ubt_gap_get_identity_address
 .text.gap_acl_new
                0x000000000000fce4       0x30 /home/burin/SimplicityStudio/v4_workspace/CLS_2/protocol/bluetooth/lib/EFR32BG1B/GCC/libbluetooth.a(gap.c.obj)
                0x000000000000fce4                gap_acl_new
 .text.ubt_gap_get_identity_address_type
                0x000000000000fd14       0x10 /home/burin/SimplicityStudio/v4_workspace/CLS_2/protocol/bluetooth/lib/EFR32BG1B/GCC/libbluetooth.a(gap.c.obj)
                0x000000000000fd14                ubt_gap_get_identity_address_type
 .text.cache_adv_scan_packet
                0x000000000000fd24       0x20 /home/burin/SimplicityStudio/v4_workspace/CLS_2/protocol/bluetooth/lib/EFR32BG1B/GCC/libbluetooth.a(gap_adv.c.obj)
 .text.bgbuf_chain_append_byte
                0x000000000000fd44       0x16 /home/burin/SimplicityStudio/v4_workspace/CLS_2/protocol/bluetooth/lib/EFR32BG1B/GCC/libbluetooth.a(gap_adv.c.obj)
 .text.gap_adv_add_attribute
                0x000000000000fd5a       0xa6 /home/burin/SimplicityStudio/v4_workspace/CLS_2/protocol/bluetooth/lib/EFR32BG1B/GCC/libbluetooth.a(gap_adv.c.obj)
 .text.gap_adv_add_name
                0x000000000000fe00       0x9e /home/burin/SimplicityStudio/v4_workspace/CLS_2/protocol/bluetooth/lib/EFR32BG1B/GCC/libbluetooth.a(gap_adv.c.obj)
 .text.use_legacy_advertising
                0x000000000000fe9e       0x36 /home/burin/SimplicityStudio/v4_workspace/CLS_2/protocol/bluetooth/lib/EFR32BG1B/GCC/libbluetooth.a(gap_adv.c.obj)
 .text.gap_alloc_mem
                0x000000000000fed4       0x2c /home/burin/SimplicityStudio/v4_workspace/CLS_2/protocol/bluetooth/lib/EFR32BG1B/GCC/libbluetooth.a(gap_adv.c.obj)
                0x000000000000fed4                gap_alloc_mem
 .text.gap_adv_terminated_callback
                0x000000000000ff00       0x60 /home/burin/SimplicityStudio/v4_workspace/CLS_2/protocol/bluetooth/lib/EFR32BG1B/GCC/libbluetooth.a(gap_adv.c.obj)
                0x000000000000ff00                gap_adv_terminated_callback
 .text.gap_create_adv_packets
                0x000000000000ff60      0x128 /home/burin/SimplicityStudio/v4_workspace/CLS_2/protocol/bluetooth/lib/EFR32BG1B/GCC/libbluetooth.a(gap_adv.c.obj)
                0x000000000000ff60                gap_create_adv_packets
 .text.gap_set_advertising_timeout
                0x0000000000010088       0x7c /home/burin/SimplicityStudio/v4_workspace/CLS_2/protocol/bluetooth/lib/EFR32BG1B/GCC/libbluetooth.a(gap_adv.c.obj)
                0x0000000000010088                gap_set_advertising_timeout
 .text.gap_set_advertising_timing
                0x0000000000010104       0x64 /home/burin/SimplicityStudio/v4_workspace/CLS_2/protocol/bluetooth/lib/EFR32BG1B/GCC/libbluetooth.a(gap_adv.c.obj)
                0x0000000000010104                gap_set_advertising_timing
 .text.gap_get_advertising_scan_report_enable
                0x0000000000010168       0x24 /home/burin/SimplicityStudio/v4_workspace/CLS_2/protocol/bluetooth/lib/EFR32BG1B/GCC/libbluetooth.a(gap_adv.c.obj)
                0x0000000000010168                gap_get_advertising_scan_report_enable
 .text.gap_adv_update
                0x000000000001018c      0x1dc /home/burin/SimplicityStudio/v4_workspace/CLS_2/protocol/bluetooth/lib/EFR32BG1B/GCC/libbluetooth.a(gap_adv.c.obj)
                0x000000000001018c                gap_adv_update
 .text.gap_stop_advertising
                0x0000000000010368       0x2c /home/burin/SimplicityStudio/v4_workspace/CLS_2/protocol/bluetooth/lib/EFR32BG1B/GCC/libbluetooth.a(gap_adv.c.obj)
                0x0000000000010368                gap_stop_advertising
 .text.gap_start_advertising
                0x0000000000010394      0x11c /home/burin/SimplicityStudio/v4_workspace/CLS_2/protocol/bluetooth/lib/EFR32BG1B/GCC/libbluetooth.a(gap_adv.c.obj)
                0x0000000000010394                gap_start_advertising
 .text.gap_address_resolver_step
                0x00000000000104b0       0x94 /home/burin/SimplicityStudio/v4_workspace/CLS_2/protocol/bluetooth/lib/EFR32BG1B/GCC/libbluetooth.a(gap_resolver.c.obj)
                0x00000000000104b0                gap_address_resolver_step
 .text.gap_resolver_start
                0x0000000000010544       0x40 /home/burin/SimplicityStudio/v4_workspace/CLS_2/protocol/bluetooth/lib/EFR32BG1B/GCC/libbluetooth.a(gap_resolver.c.obj)
                0x0000000000010544                gap_resolver_start
 .text.gap_status_set_scan_packet
                0x0000000000010584       0x20 /home/burin/SimplicityStudio/v4_workspace/CLS_2/protocol/bluetooth/lib/EFR32BG1B/GCC/libbluetooth.a(gap_scan.c.obj)
                0x0000000000010584                gap_status_set_scan_packet
 .text.gat_status_get_scan_packet
                0x00000000000105a4        0xc /home/burin/SimplicityStudio/v4_workspace/CLS_2/protocol/bluetooth/lib/EFR32BG1B/GCC/libbluetooth.a(gap_scan.c.obj)
                0x00000000000105a4                gat_status_get_scan_packet
 .text.gap_status_set_scan_response
                0x00000000000105b0       0x20 /home/burin/SimplicityStudio/v4_workspace/CLS_2/protocol/bluetooth/lib/EFR32BG1B/GCC/libbluetooth.a(gap_scan.c.obj)
                0x00000000000105b0                gap_status_set_scan_response
 .text.gat_status_get_scan_response
                0x00000000000105d0        0xc /home/burin/SimplicityStudio/v4_workspace/CLS_2/protocol/bluetooth/lib/EFR32BG1B/GCC/libbluetooth.a(gap_scan.c.obj)
                0x00000000000105d0                gat_status_get_scan_response
 .text.handle_scan_response_callback
                0x00000000000105dc      0x190 /home/burin/SimplicityStudio/v4_workspace/CLS_2/protocol/bluetooth/lib/EFR32BG1B/GCC/libbluetooth.a(gap_scan.c.obj)
                0x00000000000105dc                handle_scan_response_callback
 .text.gatt_init
                0x000000000001076c        0xc /home/burin/SimplicityStudio/v4_workspace/CLS_2/protocol/bluetooth/lib/EFR32BG1B/GCC/libbluetooth.a(gatt.c.obj)
                0x000000000001076c                gatt_init
 .text.gatt_init_connection
                0x0000000000010778       0x50 /home/burin/SimplicityStudio/v4_workspace/CLS_2/protocol/bluetooth/lib/EFR32BG1B/GCC/libbluetooth.a(gatt.c.obj)
                0x0000000000010778                gatt_init_connection
 .text.gatt_free_connection
                0x00000000000107c8       0x50 /home/burin/SimplicityStudio/v4_workspace/CLS_2/protocol/bluetooth/lib/EFR32BG1B/GCC/libbluetooth.a(gatt.c.obj)
                0x00000000000107c8                gatt_free_connection
 .text.send_gatt_mtu_exchanged_event
                0x0000000000010818       0x2a /home/burin/SimplicityStudio/v4_workspace/CLS_2/protocol/bluetooth/lib/EFR32BG1B/GCC/libbluetooth.a(gatt.c.obj)
                0x0000000000010818                send_gatt_mtu_exchanged_event
 .text.gatt_start_procedure_timeout_timer
                0x0000000000010842       0x16 /home/burin/SimplicityStudio/v4_workspace/CLS_2/protocol/bluetooth/lib/EFR32BG1B/GCC/libbluetooth.a(gatt.c.obj)
                0x0000000000010842                gatt_start_procedure_timeout_timer
 .text.gatt_stop_procedure_timeout_timer
                0x0000000000010858        0x6 /home/burin/SimplicityStudio/v4_workspace/CLS_2/protocol/bluetooth/lib/EFR32BG1B/GCC/libbluetooth.a(gatt.c.obj)
                0x0000000000010858                gatt_stop_procedure_timeout_timer
 .text.gatt_start_procedure
                0x000000000001085e       0x24 /home/burin/SimplicityStudio/v4_workspace/CLS_2/protocol/bluetooth/lib/EFR32BG1B/GCC/libbluetooth.a(gatt.c.obj)
                0x000000000001085e                gatt_start_procedure
 .text.gatt_procedure_timeout
                0x0000000000010882       0x2e /home/burin/SimplicityStudio/v4_workspace/CLS_2/protocol/bluetooth/lib/EFR32BG1B/GCC/libbluetooth.a(gatt.c.obj)
                0x0000000000010882                gatt_procedure_timeout
 .text.gatt_listener
                0x00000000000108b0       0x80 /home/burin/SimplicityStudio/v4_workspace/CLS_2/protocol/bluetooth/lib/EFR32BG1B/GCC/libbluetooth.a(gatt.c.obj)
 .text.gatt_get_connection
                0x0000000000010930        0xc /home/burin/SimplicityStudio/v4_workspace/CLS_2/protocol/bluetooth/lib/EFR32BG1B/GCC/libbluetooth.a(gatt.c.obj)
                0x0000000000010930                gatt_get_connection
 .text.gatt_get_next_connection
                0x000000000001093c       0x1a /home/burin/SimplicityStudio/v4_workspace/CLS_2/protocol/bluetooth/lib/EFR32BG1B/GCC/libbluetooth.a(gatt.c.obj)
                0x000000000001093c                gatt_get_next_connection
 .text.free_params_data
                0x0000000000010956       0x16 /home/burin/SimplicityStudio/v4_workspace/CLS_2/protocol/bluetooth/lib/EFR32BG1B/GCC/libbluetooth.a(gatt_client.c.obj)
 .text.alloc_params_data
                0x000000000001096c       0x2c /home/burin/SimplicityStudio/v4_workspace/CLS_2/protocol/bluetooth/lib/EFR32BG1B/GCC/libbluetooth.a(gatt_client.c.obj)
 .text.should_start_long_read
                0x0000000000010998       0x36 /home/burin/SimplicityStudio/v4_workspace/CLS_2/protocol/bluetooth/lib/EFR32BG1B/GCC/libbluetooth.a(gatt_client.c.obj)
 .text.send_service_event
                0x00000000000109ce       0x4a /home/burin/SimplicityStudio/v4_workspace/CLS_2/protocol/bluetooth/lib/EFR32BG1B/GCC/libbluetooth.a(gatt_client.c.obj)
 .text.send_descriptor_value_event
                0x0000000000010a18       0x3c /home/burin/SimplicityStudio/v4_workspace/CLS_2/protocol/bluetooth/lib/EFR32BG1B/GCC/libbluetooth.a(gatt_client.c.obj)
 .text.end_procedure
                0x0000000000010a54       0x3c /home/burin/SimplicityStudio/v4_workspace/CLS_2/protocol/bluetooth/lib/EFR32BG1B/GCC/libbluetooth.a(gatt_client.c.obj)
 .text.abort_long_write
                0x0000000000010a90       0x20 /home/burin/SimplicityStudio/v4_workspace/CLS_2/protocol/bluetooth/lib/EFR32BG1B/GCC/libbluetooth.a(gatt_client.c.obj)
 .text.send_characteristic_value_event
                0x0000000000010ab0       0x72 /home/burin/SimplicityStudio/v4_workspace/CLS_2/protocol/bluetooth/lib/EFR32BG1B/GCC/libbluetooth.a(gatt_client.c.obj)
 .text.write_value
                0x0000000000010b22       0x4a /home/burin/SimplicityStudio/v4_workspace/CLS_2/protocol/bluetooth/lib/EFR32BG1B/GCC/libbluetooth.a(gatt_client.c.obj)
 .text.gatt_find_included_services_handler
                0x0000000000010b6c       0xb0 /home/burin/SimplicityStudio/v4_workspace/CLS_2/protocol/bluetooth/lib/EFR32BG1B/GCC/libbluetooth.a(gatt_client.c.obj)
                0x0000000000010b6c                gatt_find_included_services_handler
 .text.gatt_handle_exchange_mtu_rsp
                0x0000000000010c1c       0x48 /home/burin/SimplicityStudio/v4_workspace/CLS_2/protocol/bluetooth/lib/EFR32BG1B/GCC/libbluetooth.a(gatt_client.c.obj)
                0x0000000000010c1c                gatt_handle_exchange_mtu_rsp
 .text.gatt_handle_find_information_response
                0x0000000000010c64      0x152 /home/burin/SimplicityStudio/v4_workspace/CLS_2/protocol/bluetooth/lib/EFR32BG1B/GCC/libbluetooth.a(gatt_client.c.obj)
                0x0000000000010c64                gatt_handle_find_information_response
 .text.gatt_handle_find_by_type_value_response
                0x0000000000010db6       0xa0 /home/burin/SimplicityStudio/v4_workspace/CLS_2/protocol/bluetooth/lib/EFR32BG1B/GCC/libbluetooth.a(gatt_client.c.obj)
                0x0000000000010db6                gatt_handle_find_by_type_value_response
 *fill*         0x0000000000010e56        0x2 
 .text.gatt_handle_read_response
                0x0000000000010e58       0xe4 /home/burin/SimplicityStudio/v4_workspace/CLS_2/protocol/bluetooth/lib/EFR32BG1B/GCC/libbluetooth.a(gatt_client.c.obj)
                0x0000000000010e58                gatt_handle_read_response
 .text.read_long_value_handler
                0x0000000000010f3c       0x72 /home/burin/SimplicityStudio/v4_workspace/CLS_2/protocol/bluetooth/lib/EFR32BG1B/GCC/libbluetooth.a(gatt_client.c.obj)
 .text.gatt_handle_read_blob_response
                0x0000000000010fae       0x36 /home/burin/SimplicityStudio/v4_workspace/CLS_2/protocol/bluetooth/lib/EFR32BG1B/GCC/libbluetooth.a(gatt_client.c.obj)
                0x0000000000010fae                gatt_handle_read_blob_response
 .text.gatt_handle_read_multiple_response
                0x0000000000010fe4       0x3c /home/burin/SimplicityStudio/v4_workspace/CLS_2/protocol/bluetooth/lib/EFR32BG1B/GCC/libbluetooth.a(gatt_client.c.obj)
                0x0000000000010fe4                gatt_handle_read_multiple_response
 .text.gatt_handle_read_by_type_response
                0x0000000000011020      0x148 /home/burin/SimplicityStudio/v4_workspace/CLS_2/protocol/bluetooth/lib/EFR32BG1B/GCC/libbluetooth.a(gatt_client.c.obj)
                0x0000000000011020                gatt_handle_read_by_type_response
 .text.gatt_handle_read_by_group_type_response
                0x0000000000011168       0xaa /home/burin/SimplicityStudio/v4_workspace/CLS_2/protocol/bluetooth/lib/EFR32BG1B/GCC/libbluetooth.a(gatt_client.c.obj)
                0x0000000000011168                gatt_handle_read_by_group_type_response
 .text.gatt_handle_write_response
                0x0000000000011212       0x14 /home/burin/SimplicityStudio/v4_workspace/CLS_2/protocol/bluetooth/lib/EFR32BG1B/GCC/libbluetooth.a(gatt_client.c.obj)
                0x0000000000011212                gatt_handle_write_response
 .text.gatt_handle_prepare_write_response
                0x0000000000011226       0xb6 /home/burin/SimplicityStudio/v4_workspace/CLS_2/protocol/bluetooth/lib/EFR32BG1B/GCC/libbluetooth.a(gatt_client.c.obj)
                0x0000000000011226                gatt_handle_prepare_write_response
 .text.gatt_handle_execute_write_response
                0x00000000000112dc       0x3c /home/burin/SimplicityStudio/v4_workspace/CLS_2/protocol/bluetooth/lib/EFR32BG1B/GCC/libbluetooth.a(gatt_client.c.obj)
                0x00000000000112dc                gatt_handle_execute_write_response
 .text.gatt_client_handle_value_notification
                0x0000000000011318       0x12 /home/burin/SimplicityStudio/v4_workspace/CLS_2/protocol/bluetooth/lib/EFR32BG1B/GCC/libbluetooth.a(gatt_client.c.obj)
                0x0000000000011318                gatt_client_handle_value_notification
 .text.gatt_client_handle_value_indication
                0x000000000001132a       0x14 /home/burin/SimplicityStudio/v4_workspace/CLS_2/protocol/bluetooth/lib/EFR32BG1B/GCC/libbluetooth.a(gatt_client.c.obj)
                0x000000000001132a                gatt_client_handle_value_indication
 *fill*         0x000000000001133e        0x2 
 .text.gatt_client_init
                0x0000000000011340        0xc /home/burin/SimplicityStudio/v4_workspace/CLS_2/protocol/bluetooth/lib/EFR32BG1B/GCC/libbluetooth.a(gatt_client.c.obj)
                0x0000000000011340                gatt_client_init
 .text.get_att_uuid16
                0x000000000001134c       0x24 /home/burin/SimplicityStudio/v4_workspace/CLS_2/protocol/bluetooth/lib/EFR32BG1B/GCC/libbluetooth.a(gatt_db_minimal.c.obj)
 .text.get_client_conf
                0x0000000000011370       0x24 /home/burin/SimplicityStudio/v4_workspace/CLS_2/protocol/bluetooth/lib/EFR32BG1B/GCC/libbluetooth.a(gatt_db_minimal.c.obj)
 .text.gatt_db_set_db
                0x0000000000011394       0x14 /home/burin/SimplicityStudio/v4_workspace/CLS_2/protocol/bluetooth/lib/EFR32BG1B/GCC/libbluetooth.a(gatt_db_minimal.c.obj)
                0x0000000000011394                gatt_db_set_db
 .text.gatt_db_invalidate_hash
                0x00000000000113a8       0x10 /home/burin/SimplicityStudio/v4_workspace/CLS_2/protocol/bluetooth/lib/EFR32BG1B/GCC/libbluetooth.a(gatt_db_minimal.c.obj)
                0x00000000000113a8                gatt_db_invalidate_hash
 .text.gatt_db_set_client_features
                0x00000000000113b8       0x1c /home/burin/SimplicityStudio/v4_workspace/CLS_2/protocol/bluetooth/lib/EFR32BG1B/GCC/libbluetooth.a(gatt_db_minimal.c.obj)
                0x00000000000113b8                gatt_db_set_client_features
 .text.gatt_db_handle_inrange
                0x00000000000113d4       0x18 /home/burin/SimplicityStudio/v4_workspace/CLS_2/protocol/bluetooth/lib/EFR32BG1B/GCC/libbluetooth.a(gatt_db_minimal.c.obj)
                0x00000000000113d4                gatt_db_handle_inrange
 .text.gatt_db_handle_active
                0x00000000000113ec       0x30 /home/burin/SimplicityStudio/v4_workspace/CLS_2/protocol/bluetooth/lib/EFR32BG1B/GCC/libbluetooth.a(gatt_db_minimal.c.obj)
                0x00000000000113ec                gatt_db_handle_active
 .text.get_client_conf_index
                0x000000000001141c       0x44 /home/burin/SimplicityStudio/v4_workspace/CLS_2/protocol/bluetooth/lib/EFR32BG1B/GCC/libbluetooth.a(gatt_db_minimal.c.obj)
 .text.gatt_db_get_char_properties
                0x0000000000011460       0x44 /home/burin/SimplicityStudio/v4_workspace/CLS_2/protocol/bluetooth/lib/EFR32BG1B/GCC/libbluetooth.a(gatt_db_minimal.c.obj)
                0x0000000000011460                gatt_db_get_char_properties
 .text.gatt_db_user_value
                0x00000000000114a4       0x1c /home/burin/SimplicityStudio/v4_workspace/CLS_2/protocol/bluetooth/lib/EFR32BG1B/GCC/libbluetooth.a(gatt_db_minimal.c.obj)
                0x00000000000114a4                gatt_db_user_value
 .text.gatt_db_load_client_conf
                0x00000000000114c0       0x32 /home/burin/SimplicityStudio/v4_workspace/CLS_2/protocol/bluetooth/lib/EFR32BG1B/GCC/libbluetooth.a(gatt_db_minimal.c.obj)
                0x00000000000114c0                gatt_db_load_client_conf
 *fill*         0x00000000000114f2        0x2 
 .text.gatt_db_get_client_conf
                0x00000000000114f4       0x68 /home/burin/SimplicityStudio/v4_workspace/CLS_2/protocol/bluetooth/lib/EFR32BG1B/GCC/libbluetooth.a(gatt_db_minimal.c.obj)
                0x00000000000114f4                gatt_db_get_client_conf
 .text.gatt_db_get_att_len
                0x000000000001155c       0x3c /home/burin/SimplicityStudio/v4_workspace/CLS_2/protocol/bluetooth/lib/EFR32BG1B/GCC/libbluetooth.a(gatt_db_minimal.c.obj)
                0x000000000001155c                gatt_db_get_att_len
 .text.gatt_db_check_permissions
                0x0000000000011598      0x124 /home/burin/SimplicityStudio/v4_workspace/CLS_2/protocol/bluetooth/lib/EFR32BG1B/GCC/libbluetooth.a(gatt_db_minimal.c.obj)
                0x0000000000011598                gatt_db_check_permissions
 .text.gatt_db_get_data
                0x00000000000116bc       0xa0 /home/burin/SimplicityStudio/v4_workspace/CLS_2/protocol/bluetooth/lib/EFR32BG1B/GCC/libbluetooth.a(gatt_db_minimal.c.obj)
                0x00000000000116bc                gatt_db_get_data
 .text.gatt_db_set_hash
                0x000000000001175c      0x104 /home/burin/SimplicityStudio/v4_workspace/CLS_2/protocol/bluetooth/lib/EFR32BG1B/GCC/libbluetooth.a(gatt_db_minimal.c.obj)
                0x000000000001175c                gatt_db_set_hash
 .text.gatt_db_find_attribute_by_type
                0x0000000000011860       0x38 /home/burin/SimplicityStudio/v4_workspace/CLS_2/protocol/bluetooth/lib/EFR32BG1B/GCC/libbluetooth.a(gatt_db_minimal.c.obj)
                0x0000000000011860                gatt_db_find_attribute_by_type
 .text.gatt_db_find_group_end
                0x0000000000011898       0x48 /home/burin/SimplicityStudio/v4_workspace/CLS_2/protocol/bluetooth/lib/EFR32BG1B/GCC/libbluetooth.a(gatt_db_minimal.c.obj)
                0x0000000000011898                gatt_db_find_group_end
 .text.gatt_db_find_by_type_value
                0x00000000000118e0       0x90 /home/burin/SimplicityStudio/v4_workspace/CLS_2/protocol/bluetooth/lib/EFR32BG1B/GCC/libbluetooth.a(gatt_db_minimal.c.obj)
                0x00000000000118e0                gatt_db_find_by_type_value
 .text.gatt_db_populate_adv_services
                0x0000000000011970      0x164 /home/burin/SimplicityStudio/v4_workspace/CLS_2/protocol/bluetooth/lib/EFR32BG1B/GCC/libbluetooth.a(gatt_db_minimal.c.obj)
                0x0000000000011970                gatt_db_populate_adv_services
 .text.gatt_db_get_attribute_type
                0x0000000000011ad4       0x34 /home/burin/SimplicityStudio/v4_workspace/CLS_2/protocol/bluetooth/lib/EFR32BG1B/GCC/libbluetooth.a(gatt_db_minimal.c.obj)
                0x0000000000011ad4                gatt_db_get_attribute_type
 .text.gatt_db_get_16bit_char_handle
                0x0000000000011b08       0x26 /home/burin/SimplicityStudio/v4_workspace/CLS_2/protocol/bluetooth/lib/EFR32BG1B/GCC/libbluetooth.a(gatt_db_minimal.c.obj)
                0x0000000000011b08                gatt_db_get_16bit_char_handle
 .text.set_client_conf.part.2
                0x0000000000011b2e       0x7e /home/burin/SimplicityStudio/v4_workspace/CLS_2/protocol/bluetooth/lib/EFR32BG1B/GCC/libbluetooth.a(gatt_db_minimal.c.obj)
 .text.gatt_db_set_data
                0x0000000000011bac      0x160 /home/burin/SimplicityStudio/v4_workspace/CLS_2/protocol/bluetooth/lib/EFR32BG1B/GCC/libbluetooth.a(gatt_db_minimal.c.obj)
                0x0000000000011bac                gatt_db_set_data
 .text.gatt_db_reset_client_conf
                0x0000000000011d0c       0x50 /home/burin/SimplicityStudio/v4_workspace/CLS_2/protocol/bluetooth/lib/EFR32BG1B/GCC/libbluetooth.a(gatt_db_minimal.c.obj)
                0x0000000000011d0c                gatt_db_reset_client_conf
 .text.send_user_read_request_event
                0x0000000000011d5c       0x32 /home/burin/SimplicityStudio/v4_workspace/CLS_2/protocol/bluetooth/lib/EFR32BG1B/GCC/libbluetooth.a(gatt_server.c.obj)
 .text.send_user_write_request_event
                0x0000000000011d8e       0x3a /home/burin/SimplicityStudio/v4_workspace/CLS_2/protocol/bluetooth/lib/EFR32BG1B/GCC/libbluetooth.a(gatt_server.c.obj)
 .text.send_execute_write_completed_event
                0x0000000000011dc8       0x2a /home/burin/SimplicityStudio/v4_workspace/CLS_2/protocol/bluetooth/lib/EFR32BG1B/GCC/libbluetooth.a(gatt_server.c.obj)
 .text.finish_read_req
                0x0000000000011df2       0x96 /home/burin/SimplicityStudio/v4_workspace/CLS_2/protocol/bluetooth/lib/EFR32BG1B/GCC/libbluetooth.a(gatt_server.c.obj)
 .text.handle_read_req
                0x0000000000011e88       0xa4 /home/burin/SimplicityStudio/v4_workspace/CLS_2/protocol/bluetooth/lib/EFR32BG1B/GCC/libbluetooth.a(gatt_server.c.obj)
 .text.finish_execute_write_req
                0x0000000000011f2c       0xa8 /home/burin/SimplicityStudio/v4_workspace/CLS_2/protocol/bluetooth/lib/EFR32BG1B/GCC/libbluetooth.a(gatt_server.c.obj)
 .text.send_notification
                0x0000000000011fd4       0x7e /home/burin/SimplicityStudio/v4_workspace/CLS_2/protocol/bluetooth/lib/EFR32BG1B/GCC/libbluetooth.a(gatt_server.c.obj)
 .text.gatt_server_send_attribute_value_event
                0x0000000000012052       0x3a /home/burin/SimplicityStudio/v4_workspace/CLS_2/protocol/bluetooth/lib/EFR32BG1B/GCC/libbluetooth.a(gatt_server.c.obj)
                0x0000000000012052                gatt_server_send_attribute_value_event
 .text.gatt_server_send_characteristic_status_event
                0x000000000001208c       0x32 /home/burin/SimplicityStudio/v4_workspace/CLS_2/protocol/bluetooth/lib/EFR32BG1B/GCC/libbluetooth.a(gatt_server.c.obj)
                0x000000000001208c                gatt_server_send_characteristic_status_event
 *fill*         0x00000000000120be        0x2 
 .text.gatt_server_handle_exchange_mtu_req
                0x00000000000120c0       0x3c /home/burin/SimplicityStudio/v4_workspace/CLS_2/protocol/bluetooth/lib/EFR32BG1B/GCC/libbluetooth.a(gatt_server.c.obj)
                0x00000000000120c0                gatt_server_handle_exchange_mtu_req
 .text.gatt_server_handle_read_by_group_type
                0x00000000000120fc      0x120 /home/burin/SimplicityStudio/v4_workspace/CLS_2/protocol/bluetooth/lib/EFR32BG1B/GCC/libbluetooth.a(gatt_server.c.obj)
                0x00000000000120fc                gatt_server_handle_read_by_group_type
 .text.gatt_server_handle_read_by_type
                0x000000000001221c      0x184 /home/burin/SimplicityStudio/v4_workspace/CLS_2/protocol/bluetooth/lib/EFR32BG1B/GCC/libbluetooth.a(gatt_server.c.obj)
                0x000000000001221c                gatt_server_handle_read_by_type
 .text.gatt_server_handle_find_information
                0x00000000000123a0       0xe2 /home/burin/SimplicityStudio/v4_workspace/CLS_2/protocol/bluetooth/lib/EFR32BG1B/GCC/libbluetooth.a(gatt_server.c.obj)
                0x00000000000123a0                gatt_server_handle_find_information
 .text.gatt_server_handle_find_by_type_value_req
                0x0000000000012482       0xc8 /home/burin/SimplicityStudio/v4_workspace/CLS_2/protocol/bluetooth/lib/EFR32BG1B/GCC/libbluetooth.a(gatt_server.c.obj)
                0x0000000000012482                gatt_server_handle_find_by_type_value_req
 .text.gatt_server_handle_read_req
                0x000000000001254a        0xc /home/burin/SimplicityStudio/v4_workspace/CLS_2/protocol/bluetooth/lib/EFR32BG1B/GCC/libbluetooth.a(gatt_server.c.obj)
                0x000000000001254a                gatt_server_handle_read_req
 .text.gatt_server_handle_read_blob_req
                0x0000000000012556        0xa /home/burin/SimplicityStudio/v4_workspace/CLS_2/protocol/bluetooth/lib/EFR32BG1B/GCC/libbluetooth.a(gatt_server.c.obj)
                0x0000000000012556                gatt_server_handle_read_blob_req
 .text.gatt_server_handle_read_multiple_req
                0x0000000000012560       0xee /home/burin/SimplicityStudio/v4_workspace/CLS_2/protocol/bluetooth/lib/EFR32BG1B/GCC/libbluetooth.a(gatt_server.c.obj)
                0x0000000000012560                gatt_server_handle_read_multiple_req
 .text.gatt_server_handle_write_req
                0x000000000001264e       0x96 /home/burin/SimplicityStudio/v4_workspace/CLS_2/protocol/bluetooth/lib/EFR32BG1B/GCC/libbluetooth.a(gatt_server.c.obj)
                0x000000000001264e                gatt_server_handle_write_req
 .text.gatt_server_handle_write_cmd
                0x00000000000126e4       0x84 /home/burin/SimplicityStudio/v4_workspace/CLS_2/protocol/bluetooth/lib/EFR32BG1B/GCC/libbluetooth.a(gatt_server.c.obj)
                0x00000000000126e4                gatt_server_handle_write_cmd
 .text.gatt_server_handle_prepare_write_req
                0x0000000000012768       0xa4 /home/burin/SimplicityStudio/v4_workspace/CLS_2/protocol/bluetooth/lib/EFR32BG1B/GCC/libbluetooth.a(gatt_server.c.obj)
                0x0000000000012768                gatt_server_handle_prepare_write_req
 .text.gatt_server_handle_execute_write_req
                0x000000000001280c       0x28 /home/burin/SimplicityStudio/v4_workspace/CLS_2/protocol/bluetooth/lib/EFR32BG1B/GCC/libbluetooth.a(gatt_server.c.obj)
                0x000000000001280c                gatt_server_handle_execute_write_req
 .text.gatt_server_handle_value_cfm
                0x0000000000012834       0x48 /home/burin/SimplicityStudio/v4_workspace/CLS_2/protocol/bluetooth/lib/EFR32BG1B/GCC/libbluetooth.a(gatt_server.c.obj)
                0x0000000000012834                gatt_server_handle_value_cfm
 .text.gatt_server_send_user_write_response
                0x000000000001287c       0x7c /home/burin/SimplicityStudio/v4_workspace/CLS_2/protocol/bluetooth/lib/EFR32BG1B/GCC/libbluetooth.a(gatt_server.c.obj)
                0x000000000001287c                gatt_server_send_user_write_response
 .text.gatt_server_report_gattdb_change
                0x00000000000128f8       0x5c /home/burin/SimplicityStudio/v4_workspace/CLS_2/protocol/bluetooth/lib/EFR32BG1B/GCC/libbluetooth.a(gatt_server.c.obj)
                0x00000000000128f8                gatt_server_report_gattdb_change
 .text.gatt_server_report_client_config
                0x0000000000012954       0xa8 /home/burin/SimplicityStudio/v4_workspace/CLS_2/protocol/bluetooth/lib/EFR32BG1B/GCC/libbluetooth.a(gatt_server.c.obj)
                0x0000000000012954                gatt_server_report_client_config
 .text.handle_database_changed.part.3
                0x00000000000129fc       0x70 /home/burin/SimplicityStudio/v4_workspace/CLS_2/protocol/bluetooth/lib/EFR32BG1B/GCC/libbluetooth.a(gatt_server.c.obj)
 .text.gatt_server_handle_att
                0x0000000000012a6c      0x262 /home/burin/SimplicityStudio/v4_workspace/CLS_2/protocol/bluetooth/lib/EFR32BG1B/GCC/libbluetooth.a(gatt_server.c.obj)
                0x0000000000012a6c                gatt_server_handle_att
 .text.gatt_set_gattdb
                0x0000000000012cce       0x34 /home/burin/SimplicityStudio/v4_workspace/CLS_2/protocol/bluetooth/lib/EFR32BG1B/GCC/libbluetooth.a(gatt_server.c.obj)
                0x0000000000012cce                gatt_set_gattdb
 .text.gatt_server_enter_att_handling
                0x0000000000012d02        0xa /home/burin/SimplicityStudio/v4_workspace/CLS_2/protocol/bluetooth/lib/EFR32BG1B/GCC/libbluetooth.a(gatt_server.c.obj)
                0x0000000000012d02                gatt_server_enter_att_handling
 .text.gatt_server_leave_att_handling
                0x0000000000012d0c        0xa /home/burin/SimplicityStudio/v4_workspace/CLS_2/protocol/bluetooth/lib/EFR32BG1B/GCC/libbluetooth.a(gatt_server.c.obj)
                0x0000000000012d0c                gatt_server_leave_att_handling
 .text.gatt_server_att_handling
                0x0000000000012d16        0x8 /home/burin/SimplicityStudio/v4_workspace/CLS_2/protocol/bluetooth/lib/EFR32BG1B/GCC/libbluetooth.a(gatt_server.c.obj)
                0x0000000000012d16                gatt_server_att_handling
 .text.gecko_bgapi_class_dfu_init
                0x0000000000012d1e       0x12 /home/burin/SimplicityStudio/v4_workspace/CLS_2/protocol/bluetooth/lib/EFR32BG1B/GCC/libbluetooth.a(gecko_bgapi_dfu.c.obj)
                0x0000000000012d1e                gecko_bgapi_class_dfu_init
 .text.gecko_bgapi_class_endpoint_init
                0x0000000000012d30       0x12 /home/burin/SimplicityStudio/v4_workspace/CLS_2/protocol/bluetooth/lib/EFR32BG1B/GCC/libbluetooth.a(gecko_bgapi_endpoint.c.obj)
                0x0000000000012d30                gecko_bgapi_class_endpoint_init
 .text.gecko_bgapi_class_flash_init
                0x0000000000012d42       0x12 /home/burin/SimplicityStudio/v4_workspace/CLS_2/protocol/bluetooth/lib/EFR32BG1B/GCC/libbluetooth.a(gecko_bgapi_flash.c.obj)
                0x0000000000012d42                gecko_bgapi_class_flash_init
 .text.gecko_bgapi_class_le_gap_init
                0x0000000000012d54       0x12 /home/burin/SimplicityStudio/v4_workspace/CLS_2/protocol/bluetooth/lib/EFR32BG1B/GCC/libbluetooth.a(gecko_bgapi_gap.c.obj)
                0x0000000000012d54                gecko_bgapi_class_le_gap_init
 .text.gecko_bgapi_class_gatt_init
                0x0000000000012d66       0x12 /home/burin/SimplicityStudio/v4_workspace/CLS_2/protocol/bluetooth/lib/EFR32BG1B/GCC/libbluetooth.a(gecko_bgapi_gatt.c.obj)
                0x0000000000012d66                gecko_bgapi_class_gatt_init
 .text.gecko_bgapi_class_gatt_server_init
                0x0000000000012d78       0x12 /home/burin/SimplicityStudio/v4_workspace/CLS_2/protocol/bluetooth/lib/EFR32BG1B/GCC/libbluetooth.a(gecko_bgapi_gatt_server.c.obj)
                0x0000000000012d78                gecko_bgapi_class_gatt_server_init
 .text.gecko_bgapi_class_hardware_init
                0x0000000000012d8a       0x12 /home/burin/SimplicityStudio/v4_workspace/CLS_2/protocol/bluetooth/lib/EFR32BG1B/GCC/libbluetooth.a(gecko_bgapi_hardware.c.obj)
                0x0000000000012d8a                gecko_bgapi_class_hardware_init
 .text.gecko_bgapi_class_le_connection_init
                0x0000000000012d9c       0x12 /home/burin/SimplicityStudio/v4_workspace/CLS_2/protocol/bluetooth/lib/EFR32BG1B/GCC/libbluetooth.a(gecko_bgapi_le_connection.c.obj)
                0x0000000000012d9c                gecko_bgapi_class_le_connection_init
 .text.gecko_bgapi_class_sm_init
                0x0000000000012dae       0x12 /home/burin/SimplicityStudio/v4_workspace/CLS_2/protocol/bluetooth/lib/EFR32BG1B/GCC/libbluetooth.a(gecko_bgapi_sm.c.obj)
                0x0000000000012dae                gecko_bgapi_class_sm_init
 .text.gecko_bgapi_class_system_init
                0x0000000000012dc0       0x12 /home/burin/SimplicityStudio/v4_workspace/CLS_2/protocol/bluetooth/lib/EFR32BG1B/GCC/libbluetooth.a(gecko_bgapi_system.c.obj)
                0x0000000000012dc0                gecko_bgapi_class_system_init
 .text.gecko_bgapi_class_test_init
                0x0000000000012dd2       0x12 /home/burin/SimplicityStudio/v4_workspace/CLS_2/protocol/bluetooth/lib/EFR32BG1B/GCC/libbluetooth.a(gecko_bgapi_test.c.obj)
                0x0000000000012dd2                gecko_bgapi_class_test_init
 .text.handle_bgapi_output
                0x0000000000012de4       0x74 /home/burin/SimplicityStudio/v4_workspace/CLS_2/protocol/bluetooth/lib/EFR32BG1B/GCC/libbluetooth.a(gecko_endpoints.c.obj)
 .text.gecko_release_evt
                0x0000000000012e58       0x14 /home/burin/SimplicityStudio/v4_workspace/CLS_2/protocol/bluetooth/lib/EFR32BG1B/GCC/libbluetooth.a(gecko_endpoints.c.obj)
                0x0000000000012e58                gecko_release_evt
 .text.gecko_get_evt
                0x0000000000012e6c       0x10 /home/burin/SimplicityStudio/v4_workspace/CLS_2/protocol/bluetooth/lib/EFR32BG1B/GCC/libbluetooth.a(gecko_endpoints.c.obj)
                0x0000000000012e6c                gecko_get_evt
 .text.gecko_register_bgapi_library
                0x0000000000012e7c       0x38 /home/burin/SimplicityStudio/v4_workspace/CLS_2/protocol/bluetooth/lib/EFR32BG1B/GCC/libbluetooth.a(gecko_endpoints.c.obj)
                0x0000000000012e7c                gecko_register_bgapi_library
 .text.gecko_handle_library_packet
                0x0000000000012eb4       0x10 /home/burin/SimplicityStudio/v4_workspace/CLS_2/protocol/bluetooth/lib/EFR32BG1B/GCC/libbluetooth.a(gecko_endpoints.c.obj)
                0x0000000000012eb4                gecko_handle_library_packet
 .text.sli_bt_cmd_handler_delegate
                0x0000000000012ec4       0x7c /home/burin/SimplicityStudio/v4_workspace/CLS_2/protocol/bluetooth/lib/EFR32BG1B/GCC/libbluetooth.a(gecko_endpoints.c.obj)
                0x0000000000012ec4                sli_bt_cmd_handler_delegate
 .text.hci_increase_token
                0x0000000000012f40       0x12 /home/burin/SimplicityStudio/v4_workspace/CLS_2/protocol/bluetooth/lib/EFR32BG1B/GCC/libbluetooth.a(hci.c.obj)
 *fill*         0x0000000000012f52        0x2 
 .text.hci_init
                0x0000000000012f54       0x1c /home/burin/SimplicityStudio/v4_workspace/CLS_2/protocol/bluetooth/lib/EFR32BG1B/GCC/libbluetooth.a(hci.c.obj)
                0x0000000000012f54                hci_init
 .text.hci_command_status_handle
                0x0000000000012f70       0x40 /home/burin/SimplicityStudio/v4_workspace/CLS_2/protocol/bluetooth/lib/EFR32BG1B/GCC/libbluetooth.a(hci.c.obj)
                0x0000000000012f70                hci_command_status_handle
 .text.hci_command_complete_handle
                0x0000000000012fb0      0x148 /home/burin/SimplicityStudio/v4_workspace/CLS_2/protocol/bluetooth/lib/EFR32BG1B/GCC/libbluetooth.a(hci.c.obj)
                0x0000000000012fb0                hci_command_complete_handle
 .text.handle_extended_advertising_report
                0x00000000000130f8      0x100 /home/burin/SimplicityStudio/v4_workspace/CLS_2/protocol/bluetooth/lib/EFR32BG1B/GCC/libbluetooth.a(hci.c.obj)
                0x00000000000130f8                handle_extended_advertising_report
 .text.hci_inject_acl
                0x00000000000131f8        0xc /home/burin/SimplicityStudio/v4_workspace/CLS_2/protocol/bluetooth/lib/EFR32BG1B/GCC/libbluetooth.a(hci.c.obj)
                0x00000000000131f8                hci_inject_acl
 .text.hci_packets_waiting
                0x0000000000013204       0x18 /home/burin/SimplicityStudio/v4_workspace/CLS_2/protocol/bluetooth/lib/EFR32BG1B/GCC/libbluetooth.a(hci.c.obj)
                0x0000000000013204                hci_packets_waiting
 .text.hci_get_acl_packet
                0x000000000001321c       0x14 /home/burin/SimplicityStudio/v4_workspace/CLS_2/protocol/bluetooth/lib/EFR32BG1B/GCC/libbluetooth.a(hci.c.obj)
                0x000000000001321c                hci_get_acl_packet
 .text.hci_send_command
                0x0000000000013230       0x12 /home/burin/SimplicityStudio/v4_workspace/CLS_2/protocol/bluetooth/lib/EFR32BG1B/GCC/libbluetooth.a(hci.c.obj)
                0x0000000000013230                hci_send_command
 .text.hci_read_bdaddr
                0x0000000000013242       0x1c /home/burin/SimplicityStudio/v4_workspace/CLS_2/protocol/bluetooth/lib/EFR32BG1B/GCC/libbluetooth.a(hci.c.obj)
                0x0000000000013242                hci_read_bdaddr
 *fill*         0x000000000001325e        0x2 
 .text.hci_state_listener
                0x0000000000013260       0x14 /home/burin/SimplicityStudio/v4_workspace/CLS_2/protocol/bluetooth/lib/EFR32BG1B/GCC/libbluetooth.a(hci.c.obj)
                0x0000000000013260                hci_state_listener
 .text.hci_set_state
                0x0000000000013274       0x1c /home/burin/SimplicityStudio/v4_workspace/CLS_2/protocol/bluetooth/lib/EFR32BG1B/GCC/libbluetooth.a(hci.c.obj)
                0x0000000000013274                hci_set_state
 .text.hci_state_listener_init
                0x0000000000013290       0x10 /home/burin/SimplicityStudio/v4_workspace/CLS_2/protocol/bluetooth/lib/EFR32BG1B/GCC/libbluetooth.a(hci.c.obj)
                0x0000000000013290                hci_state_listener_init
 .text.hci_state_listener_init_default_data_length
                0x00000000000132a0       0x6c /home/burin/SimplicityStudio/v4_workspace/CLS_2/protocol/bluetooth/lib/EFR32BG1B/GCC/libbluetooth.a(hci.c.obj)
                0x00000000000132a0                hci_state_listener_init_default_data_length
 .text.hci_run  0x000000000001330c        0x6 /home/burin/SimplicityStudio/v4_workspace/CLS_2/protocol/bluetooth/lib/EFR32BG1B/GCC/libbluetooth.a(hci.c.obj)
                0x000000000001330c                hci_run
 .text.hci_start
                0x0000000000013312        0x6 /home/burin/SimplicityStudio/v4_workspace/CLS_2/protocol/bluetooth/lib/EFR32BG1B/GCC/libbluetooth.a(hci.c.obj)
                0x0000000000013312                hci_start
 .text.hci_cleanup_acl
                0x0000000000013318       0x28 /home/burin/SimplicityStudio/v4_workspace/CLS_2/protocol/bluetooth/lib/EFR32BG1B/GCC/libbluetooth.a(hci.c.obj)
                0x0000000000013318                hci_cleanup_acl
 .text.hci_send_acl
                0x0000000000013340       0xac /home/burin/SimplicityStudio/v4_workspace/CLS_2/protocol/bluetooth/lib/EFR32BG1B/GCC/libbluetooth.a(hci.c.obj)
                0x0000000000013340                hci_send_acl
 .text.hci_le_set_random_address
                0x00000000000133ec       0x2c /home/burin/SimplicityStudio/v4_workspace/CLS_2/protocol/bluetooth/lib/EFR32BG1B/GCC/libbluetooth.a(hci.c.obj)
                0x00000000000133ec                hci_le_set_random_address
 .text.hci_le_set_extended_advertising_parameters
                0x0000000000013418       0x98 /home/burin/SimplicityStudio/v4_workspace/CLS_2/protocol/bluetooth/lib/EFR32BG1B/GCC/libbluetooth.a(hci.c.obj)
                0x0000000000013418                hci_le_set_extended_advertising_parameters
 .text.hci_le_set_advertising_set_random_address
                0x00000000000134b0       0x38 /home/burin/SimplicityStudio/v4_workspace/CLS_2/protocol/bluetooth/lib/EFR32BG1B/GCC/libbluetooth.a(hci.c.obj)
                0x00000000000134b0                hci_le_set_advertising_set_random_address
 .text.hci_le_set_extended_advertising_data
                0x00000000000134e8       0x34 /home/burin/SimplicityStudio/v4_workspace/CLS_2/protocol/bluetooth/lib/EFR32BG1B/GCC/libbluetooth.a(hci.c.obj)
                0x00000000000134e8                hci_le_set_extended_advertising_data
 .text.hci_le_set_extended_scan_response_data
                0x000000000001351c       0x34 /home/burin/SimplicityStudio/v4_workspace/CLS_2/protocol/bluetooth/lib/EFR32BG1B/GCC/libbluetooth.a(hci.c.obj)
                0x000000000001351c                hci_le_set_extended_scan_response_data
 .text.hci_le_set_extended_advertising_enable
                0x0000000000013550       0x44 /home/burin/SimplicityStudio/v4_workspace/CLS_2/protocol/bluetooth/lib/EFR32BG1B/GCC/libbluetooth.a(hci.c.obj)
                0x0000000000013550                hci_le_set_extended_advertising_enable
 .text.hci_le_set_extended_scan_parameters
                0x0000000000013594       0x4c /home/burin/SimplicityStudio/v4_workspace/CLS_2/protocol/bluetooth/lib/EFR32BG1B/GCC/libbluetooth.a(hci.c.obj)
                0x0000000000013594                hci_le_set_extended_scan_parameters
 .text.hci_le_set_ext_scan_enable
                0x00000000000135e0       0x34 /home/burin/SimplicityStudio/v4_workspace/CLS_2/protocol/bluetooth/lib/EFR32BG1B/GCC/libbluetooth.a(hci.c.obj)
                0x00000000000135e0                hci_le_set_ext_scan_enable
 .text.hci_le_create_connection_cancel
                0x0000000000013614       0x14 /home/burin/SimplicityStudio/v4_workspace/CLS_2/protocol/bluetooth/lib/EFR32BG1B/GCC/libbluetooth.a(hci.c.obj)
                0x0000000000013614                hci_le_create_connection_cancel
 .text.hci_close_acl
                0x0000000000013628       0x42 /home/burin/SimplicityStudio/v4_workspace/CLS_2/protocol/bluetooth/lib/EFR32BG1B/GCC/libbluetooth.a(hci.c.obj)
                0x0000000000013628                hci_close_acl
 *fill*         0x000000000001366a        0x2 
 .text.hci_le_connection_update
                0x000000000001366c       0x58 /home/burin/SimplicityStudio/v4_workspace/CLS_2/protocol/bluetooth/lib/EFR32BG1B/GCC/libbluetooth.a(hci.c.obj)
                0x000000000001366c                hci_le_connection_update
 .text.hci_le_start_encryption
                0x00000000000136c4       0x50 /home/burin/SimplicityStudio/v4_workspace/CLS_2/protocol/bluetooth/lib/EFR32BG1B/GCC/libbluetooth.a(hci.c.obj)
                0x00000000000136c4                hci_le_start_encryption
 .text.hci_le_ltk_reply
                0x0000000000013714       0x4c /home/burin/SimplicityStudio/v4_workspace/CLS_2/protocol/bluetooth/lib/EFR32BG1B/GCC/libbluetooth.a(hci.c.obj)
                0x0000000000013714                hci_le_ltk_reply
 .text.hci_le_remote_connection_parameter_request_reply
                0x0000000000013760       0x58 /home/burin/SimplicityStudio/v4_workspace/CLS_2/protocol/bluetooth/lib/EFR32BG1B/GCC/libbluetooth.a(hci.c.obj)
                0x0000000000013760                hci_le_remote_connection_parameter_request_reply
 .text.hci_event_handle
                0x00000000000137b8      0x26a /home/burin/SimplicityStudio/v4_workspace/CLS_2/protocol/bluetooth/lib/EFR32BG1B/GCC/libbluetooth.a(hci.c.obj)
                0x00000000000137b8                hci_event_handle
 .text.hci_get_and_handle
                0x0000000000013a22       0x20 /home/burin/SimplicityStudio/v4_workspace/CLS_2/protocol/bluetooth/lib/EFR32BG1B/GCC/libbluetooth.a(hci.c.obj)
                0x0000000000013a22                hci_get_and_handle
 *fill*         0x0000000000013a42        0x2 
 .text.hci_state_listener_idle
                0x0000000000013a44       0x1c /home/burin/SimplicityStudio/v4_workspace/CLS_2/protocol/bluetooth/lib/EFR32BG1B/GCC/libbluetooth.a(hci.c.obj)
                0x0000000000013a44                hci_state_listener_idle
 .text.hci_read_conn_phy
                0x0000000000013a60       0x24 /home/burin/SimplicityStudio/v4_workspace/CLS_2/protocol/bluetooth/lib/EFR32BG1B/GCC/libbluetooth.a(hci.c.obj)
                0x0000000000013a60                hci_read_conn_phy
 .text.cmd2bgbuf
                0x0000000000013a84        0x4 /home/burin/SimplicityStudio/v4_workspace/CLS_2/protocol/bluetooth/lib/EFR32BG1B/GCC/libbluetooth.a(hci_pck.c.obj)
                0x0000000000013a84                cmd2bgbuf
 .text.hci_command_alloc
                0x0000000000013a88       0x2e /home/burin/SimplicityStudio/v4_workspace/CLS_2/protocol/bluetooth/lib/EFR32BG1B/GCC/libbluetooth.a(hci_pck.c.obj)
                0x0000000000013a88                hci_command_alloc
 .text.hci_command_init_shared
                0x0000000000013ab6       0x26 /home/burin/SimplicityStudio/v4_workspace/CLS_2/protocol/bluetooth/lib/EFR32BG1B/GCC/libbluetooth.a(hci_pck.c.obj)
                0x0000000000013ab6                hci_command_init_shared
 .text.hci_command_shared_response
                0x0000000000013adc       0x14 /home/burin/SimplicityStudio/v4_workspace/CLS_2/protocol/bluetooth/lib/EFR32BG1B/GCC/libbluetooth.a(hci_pck.c.obj)
                0x0000000000013adc                hci_command_shared_response
 .text.hci_command_init_shared_bgbuf
                0x0000000000013af0       0x5a /home/burin/SimplicityStudio/v4_workspace/CLS_2/protocol/bluetooth/lib/EFR32BG1B/GCC/libbluetooth.a(hci_pck.c.obj)
                0x0000000000013af0                hci_command_init_shared_bgbuf
 *fill*         0x0000000000013b4a        0x2 
 .text.hci_get_output_acl
                0x0000000000013b4c        0xc /home/burin/SimplicityStudio/v4_workspace/CLS_2/protocol/bluetooth/lib/EFR32BG1B/GCC/libbluetooth.a(hci_pck.c.obj)
                0x0000000000013b4c                hci_get_output_acl
 .text.hci_get_event
                0x0000000000013b58        0xc /home/burin/SimplicityStudio/v4_workspace/CLS_2/protocol/bluetooth/lib/EFR32BG1B/GCC/libbluetooth.a(hci_pck.c.obj)
                0x0000000000013b58                hci_get_event
 .text.hci_inject_event
                0x0000000000013b64        0xc /home/burin/SimplicityStudio/v4_workspace/CLS_2/protocol/bluetooth/lib/EFR32BG1B/GCC/libbluetooth.a(hci_pck.c.obj)
                0x0000000000013b64                hci_inject_event
 .text.bg_pre_sleep
                0x0000000000013b70        0x2 /home/burin/SimplicityStudio/v4_workspace/CLS_2/protocol/bluetooth/lib/EFR32BG1B/GCC/libbluetooth.a(init.c.obj)
                0x0000000000013b70                bg_pre_sleep
 .text.bg_post_wakeup
                0x0000000000013b72        0x2 /home/burin/SimplicityStudio/v4_workspace/CLS_2/protocol/bluetooth/lib/EFR32BG1B/GCC/libbluetooth.a(init.c.obj)
                0x0000000000013b72                bg_post_wakeup
 .text.bg_radio_init
                0x0000000000013b74       0xd8 /home/burin/SimplicityStudio/v4_workspace/CLS_2/protocol/bluetooth/lib/EFR32BG1B/GCC/libbluetooth.a(init.c.obj)
                0x0000000000013b74                bg_radio_init
 .text.bg_low_init
                0x0000000000013c4c       0x20 /home/burin/SimplicityStudio/v4_workspace/CLS_2/protocol/bluetooth/lib/EFR32BG1B/GCC/libbluetooth.a(init.c.obj)
                0x0000000000013c4c                bg_low_init
 .text.irq_init
                0x0000000000013c6c       0x78 /home/burin/SimplicityStudio/v4_workspace/CLS_2/protocol/bluetooth/lib/EFR32BG1B/GCC/libbluetooth.a(irq.c.obj)
                0x0000000000013c6c                irq_init
 .text.l2cap_send_update_parameters_response
                0x0000000000013ce4       0x48 /home/burin/SimplicityStudio/v4_workspace/CLS_2/protocol/bluetooth/lib/EFR32BG1B/GCC/libbluetooth.a(l2cap.c.obj)
 .text.l2cap_message_handler
                0x0000000000013d2c       0x34 /home/burin/SimplicityStudio/v4_workspace/CLS_2/protocol/bluetooth/lib/EFR32BG1B/GCC/libbluetooth.a(l2cap.c.obj)
                0x0000000000013d2c                l2cap_message_handler
 .text.l2cap_send_command_reject.constprop.1
                0x0000000000013d60       0x48 /home/burin/SimplicityStudio/v4_workspace/CLS_2/protocol/bluetooth/lib/EFR32BG1B/GCC/libbluetooth.a(l2cap.c.obj)
 .text.l2cap_init
                0x0000000000013da8       0x20 /home/burin/SimplicityStudio/v4_workspace/CLS_2/protocol/bluetooth/lib/EFR32BG1B/GCC/libbluetooth.a(l2cap.c.obj)
                0x0000000000013da8                l2cap_init
 .text.l2cap_send_fixed_channel
                0x0000000000013dc8       0x40 /home/burin/SimplicityStudio/v4_workspace/CLS_2/protocol/bluetooth/lib/EFR32BG1B/GCC/libbluetooth.a(l2cap.c.obj)
                0x0000000000013dc8                l2cap_send_fixed_channel
 .text.acl_packet_handle
                0x0000000000013e08      0x150 /home/burin/SimplicityStudio/v4_workspace/CLS_2/protocol/bluetooth/lib/EFR32BG1B/GCC/libbluetooth.a(l2cap.c.obj)
                0x0000000000013e08                acl_packet_handle
 .text.ll_hciSetCommandCompleteHeader
                0x0000000000013f58       0x22 /home/burin/SimplicityStudio/v4_workspace/CLS_2/protocol/bluetooth/lib/EFR32BG1B/GCC/libbluetooth.a(ll_hci.c.obj)
                0x0000000000013f58                ll_hciSetCommandCompleteHeader
 .text.ll_hciSetMetaEventHeader
                0x0000000000013f7a       0x1a /home/burin/SimplicityStudio/v4_workspace/CLS_2/protocol/bluetooth/lib/EFR32BG1B/GCC/libbluetooth.a(ll_hci.c.obj)
                0x0000000000013f7a                ll_hciSetMetaEventHeader
 .text.ll_hciSetCommandStatusHeader
                0x0000000000013f94       0x22 /home/burin/SimplicityStudio/v4_workspace/CLS_2/protocol/bluetooth/lib/EFR32BG1B/GCC/libbluetooth.a(ll_hci.c.obj)
                0x0000000000013f94                ll_hciSetCommandStatusHeader
 .text.ll_hciSendHCIEvent
                0x0000000000013fb6        0xc /home/burin/SimplicityStudio/v4_workspace/CLS_2/protocol/bluetooth/lib/EFR32BG1B/GCC/libbluetooth.a(ll_hci.c.obj)
                0x0000000000013fb6                ll_hciSendHCIEvent
 .text.ll_hciSendGenericCommandComplete
                0x0000000000013fc2       0x10 /home/burin/SimplicityStudio/v4_workspace/CLS_2/protocol/bluetooth/lib/EFR32BG1B/GCC/libbluetooth.a(ll_hci.c.obj)
                0x0000000000013fc2                ll_hciSendGenericCommandComplete
 *fill*         0x0000000000013fd2        0x2 
 .text.ll_hciInit
                0x0000000000013fd4       0x34 /home/burin/SimplicityStudio/v4_workspace/CLS_2/protocol/bluetooth/lib/EFR32BG1B/GCC/libbluetooth.a(ll_hci.c.obj)
                0x0000000000013fd4                ll_hciInit
 .text.ll_hciGetSharedCommand
                0x0000000000014008        0xc /home/burin/SimplicityStudio/v4_workspace/CLS_2/protocol/bluetooth/lib/EFR32BG1B/GCC/libbluetooth.a(ll_hci.c.obj)
                0x0000000000014008                ll_hciGetSharedCommand
 .text.ll_hciGetSharedResponse
                0x0000000000014014        0xc /home/burin/SimplicityStudio/v4_workspace/CLS_2/protocol/bluetooth/lib/EFR32BG1B/GCC/libbluetooth.a(ll_hci.c.obj)
                0x0000000000014014                ll_hciGetSharedResponse
 .text.ll_hciCall
                0x0000000000014020       0x20 /home/burin/SimplicityStudio/v4_workspace/CLS_2/protocol/bluetooth/lib/EFR32BG1B/GCC/libbluetooth.a(ll_hci.c.obj)
                0x0000000000014020                ll_hciCall
 .text.BTLE_HCIToLLCmdSAP
                0x0000000000014040       0x30 /home/burin/SimplicityStudio/v4_workspace/CLS_2/protocol/bluetooth/lib/EFR32BG1B/GCC/libbluetooth.a(ll_hci.c.obj)
                0x0000000000014040                BTLE_HCIToLLCmdSAP
 .text.BTLE_HCIToLLDataSAP
                0x0000000000014070       0x44 /home/burin/SimplicityStudio/v4_workspace/CLS_2/protocol/bluetooth/lib/EFR32BG1B/GCC/libbluetooth.a(ll_hci.c.obj)
                0x0000000000014070                BTLE_HCIToLLDataSAP
 .text.ll_hciHandleCommandAddr
                0x00000000000140b4        0x4 /home/burin/SimplicityStudio/v4_workspace/CLS_2/protocol/bluetooth/lib/EFR32BG1B/GCC/libbluetooth.a(ll_hci.c.obj)
                0x00000000000140b4                ll_hciHandleCommandAddr
 .text.ll_hciHandleCommandDebug
                0x00000000000140b8        0x4 /home/burin/SimplicityStudio/v4_workspace/CLS_2/protocol/bluetooth/lib/EFR32BG1B/GCC/libbluetooth.a(ll_hci.c.obj)
                0x00000000000140b8                ll_hciHandleCommandDebug
 .text.ll_hciHandleDisconnect
                0x00000000000140bc       0x46 /home/burin/SimplicityStudio/v4_workspace/CLS_2/protocol/bluetooth/lib/EFR32BG1B/GCC/libbluetooth.a(ll_hci.c.obj)
                0x00000000000140bc                ll_hciHandleDisconnect
 .text.ll_hciHandleUnknown
                0x0000000000014102        0xc /home/burin/SimplicityStudio/v4_workspace/CLS_2/protocol/bluetooth/lib/EFR32BG1B/GCC/libbluetooth.a(ll_hci.c.obj)
                0x0000000000014102                ll_hciHandleUnknown
 .text.ll_hciHandleReset
                0x000000000001410e       0x18 /home/burin/SimplicityStudio/v4_workspace/CLS_2/protocol/bluetooth/lib/EFR32BG1B/GCC/libbluetooth.a(ll_hci.c.obj)
                0x000000000001410e                ll_hciHandleReset
 *fill*         0x0000000000014126        0x2 
 .text.ll_hciHandleReadBDADDR
                0x0000000000014128       0x2c /home/burin/SimplicityStudio/v4_workspace/CLS_2/protocol/bluetooth/lib/EFR32BG1B/GCC/libbluetooth.a(ll_hci.c.obj)
                0x0000000000014128                ll_hciHandleReadBDADDR
 .text.ll_hciHandleSetHostChannelClassification
                0x0000000000014154       0x3e /home/burin/SimplicityStudio/v4_workspace/CLS_2/protocol/bluetooth/lib/EFR32BG1B/GCC/libbluetooth.a(ll_hci.c.obj)
                0x0000000000014154                ll_hciHandleSetHostChannelClassification
 .text.ll_hciHandleLeWriteRfPathCompensation
                0x0000000000014192       0x26 /home/burin/SimplicityStudio/v4_workspace/CLS_2/protocol/bluetooth/lib/EFR32BG1B/GCC/libbluetooth.a(ll_hci.c.obj)
                0x0000000000014192                ll_hciHandleLeWriteRfPathCompensation
 .text.ll_hciHandleLeStartEncryption